
[403046] signal (11.1): Segmentation fault
in expression starting at /home/ebeasley/RunTheSim.jl:124
gc_mark_loop at /tmp/ebuser/avx512/Julia/1.9.3/GCCcore-12.3-gentoo/julia-1.9.3/src/gc.c:2826
_jl_gc_collect at /tmp/ebuser/avx512/Julia/1.9.3/GCCcore-12.3-gentoo/julia-1.9.3/src/gc.c:3407
ijl_gc_collect at /tmp/ebuser/avx512/Julia/1.9.3/GCCcore-12.3-gentoo/julia-1.9.3/src/gc.c:3713
maybe_collect at /tmp/ebuser/avx512/Julia/1.9.3/GCCcore-12.3-gentoo/julia-1.9.3/src/gc.c:1083 [inlined]
jl_gc_pool_alloc_inner at /tmp/ebuser/avx512/Julia/1.9.3/GCCcore-12.3-gentoo/julia-1.9.3/src/gc.c:1450 [inlined]
jl_gc_pool_alloc_noinline at /tmp/ebuser/avx512/Julia/1.9.3/GCCcore-12.3-gentoo/julia-1.9.3/src/gc.c:1511
jl_gc_alloc_ at /tmp/ebuser/avx512/Julia/1.9.3/GCCcore-12.3-gentoo/julia-1.9.3/src/julia_internal.h:460 [inlined]
ijl_box_int64 at /tmp/ebuser/avx512/Julia/1.9.3/GCCcore-12.3-gentoo/julia-1.9.3/src/datatype.c:1287
jfptr_length_55065 at /cvmfs/soft.computecanada.ca/easybuild/software/2023/x86-64-v4/Compiler/gcccore/julia/1.9.3/lib/julia/sys.so (unknown line)
nrow at /home/ebeasley/.julia/packages/DataFrames/C5AEe/src/dataframe/dataframe.jl:465
size at /home/ebeasley/.julia/packages/DataFrames/C5AEe/src/abstractdataframe/abstractdataframe.jl:403 [inlined]
axes at /home/ebeasley/.julia/packages/DataFrames/C5AEe/src/abstractdataframe/abstractdataframe.jl:436 [inlined]
getindex at /home/ebeasley/.julia/packages/DataFrames/C5AEe/src/dataframe/dataframe.jl:513 [inlined]
getindex at /home/ebeasley/.julia/packages/DataFrames/C5AEe/src/dataframerow/dataframerow.jl:212 [inlined]
getproperty at /home/ebeasley/.julia/packages/DataFrames/C5AEe/src/dataframerow/dataframerow.jl:302
#40 at /home/ebeasley/Functions.jl:395
_broadcast_getindex_evalf at ./broadcast.jl:683 [inlined]
_broadcast_getindex at ./broadcast.jl:656 [inlined]
getindex at ./broadcast.jl:610 [inlined]
copyto_nonleaf! at ./broadcast.jl:1068
unknown function (ip: 0x14edd213c97c)
copy at ./broadcast.jl:920 [inlined]
materialize at ./broadcast.jl:873 [inlined]
findall at ./array.jl:2359
#dont_fear_the_reaper#36 at /home/ebeasley/Functions.jl:395
dont_fear_the_reaper at /home/ebeasley/Functions.jl:357 [inlined]
#the_mega_loop#121 at /home/ebeasley/RunTheSim.jl:52
the_mega_loop at /home/ebeasley/RunTheSim.jl:25
unknown function (ip: 0x14edd2117692)
top-level scope at /home/ebeasley/RunTheSim.jl:131
jl_toplevel_eval_flex at /tmp/ebuser/avx512/Julia/1.9.3/GCCcore-12.3-gentoo/julia-1.9.3/src/toplevel.c:903
jl_toplevel_eval_flex at /tmp/ebuser/avx512/Julia/1.9.3/GCCcore-12.3-gentoo/julia-1.9.3/src/toplevel.c:856
ijl_toplevel_eval_in at /tmp/ebuser/avx512/Julia/1.9.3/GCCcore-12.3-gentoo/julia-1.9.3/src/toplevel.c:971
eval at ./boot.jl:370 [inlined]
include_string at ./loading.jl:1903
_include at ./loading.jl:1963
include at ./Base.jl:457
jfptr_include_41934 at /cvmfs/soft.computecanada.ca/easybuild/software/2023/x86-64-v4/Compiler/gcccore/julia/1.9.3/lib/julia/sys.so (unknown line)
exec_options at ./client.jl:307
_start at ./client.jl:522
jfptr__start_46479 at /cvmfs/soft.computecanada.ca/easybuild/software/2023/x86-64-v4/Compiler/gcccore/julia/1.9.3/lib/julia/sys.so (unknown line)
jl_apply at /tmp/ebuser/avx512/Julia/1.9.3/GCCcore-12.3-gentoo/julia-1.9.3/src/julia.h:1880 [inlined]
true_main at /tmp/ebuser/avx512/Julia/1.9.3/GCCcore-12.3-gentoo/julia-1.9.3/src/jlapi.c:573
jl_repl_entrypoint at /tmp/ebuser/avx512/Julia/1.9.3/GCCcore-12.3-gentoo/julia-1.9.3/src/jlapi.c:717
main at julia (unknown line)
unknown function (ip: 0x14f0ed1c8949)
__libc_start_main at /cvmfs/soft.computecanada.ca/gentoo/2023/x86-64-v3/usr/lib64/libc.so.6 (unknown line)
_start at julia (unknown line)
Allocations: 15250991344 (Pool: 14757711548; Big: 493279796); GC: 70343
/localscratch/spool/slurmd/job9548830/slurm_script: line 12: 403046 Segmentation fault      (core dumped) julia --project RunTheSim.jl $SLURM_ARRAY_TASK_ID
