
Due to MODULEPATH changes, the following have been reloaded:
  1) mii/1.1.2

The following have been reloaded with a version change:
  1) StdEnv/2023 => StdEnv/2020
  2) blis/0.9.0 => blis/0.8.1
  3) flexiblas/3.3.1 => flexiblas/3.0.4
  4) gcccore/.12.3 => gcccore/.9.3.0
  5) gentoo/2023 => gentoo/2020
  6) libfabric/1.18.0 => libfabric/1.10.1
  7) openmpi/4.1.5 => openmpi/4.0.3
  8) ucx/1.14.1 => ucx/1.8.0


[786894] signal (11.1): Segmentation fault
in expression starting at /home/ebeasley/RunTheSim.jl:131
gc_mark_loop at /tmp/ebuser/avx2/Julia/1.9.1/GCCcore-9.3.0/julia-1.9.1/src/gc.c:2819
_jl_gc_collect at /tmp/ebuser/avx2/Julia/1.9.1/GCCcore-9.3.0/julia-1.9.1/src/gc.c:3400
ijl_gc_collect at /tmp/ebuser/avx2/Julia/1.9.1/GCCcore-9.3.0/julia-1.9.1/src/gc.c:3707
maybe_collect at /tmp/ebuser/avx2/Julia/1.9.1/GCCcore-9.3.0/julia-1.9.1/src/gc.c:1078 [inlined]
jl_gc_pool_alloc_inner at /tmp/ebuser/avx2/Julia/1.9.1/GCCcore-9.3.0/julia-1.9.1/src/gc.c:1443 [inlined]
jl_gc_pool_alloc_noinline at /tmp/ebuser/avx2/Julia/1.9.1/GCCcore-9.3.0/julia-1.9.1/src/gc.c:1504
jl_gc_alloc_ at /tmp/ebuser/avx2/Julia/1.9.1/GCCcore-9.3.0/julia-1.9.1/src/julia_internal.h:460 [inlined]
ijl_box_int64 at /tmp/ebuser/avx2/Julia/1.9.1/GCCcore-9.3.0/julia-1.9.1/src/datatype.c:1287
jfptr_length_35009 at /cvmfs/soft.computecanada.ca/easybuild/software/2020/avx2/Core/julia/1.9.1/lib/julia/sys.so (unknown line)
_jl_invoke at /tmp/ebuser/avx2/Julia/1.9.1/GCCcore-9.3.0/julia-1.9.1/src/gf.c:2758 [inlined]
ijl_apply_generic at /tmp/ebuser/avx2/Julia/1.9.1/GCCcore-9.3.0/julia-1.9.1/src/gf.c:2940
nrow at /home/ebeasley/.julia/packages/DataFrames/58MUJ/src/dataframe/dataframe.jl:465
size at /home/ebeasley/.julia/packages/DataFrames/58MUJ/src/abstractdataframe/abstractdataframe.jl:386 [inlined]
axes at /home/ebeasley/.julia/packages/DataFrames/58MUJ/src/abstractdataframe/abstractdataframe.jl:419 [inlined]
getindex at /home/ebeasley/.julia/packages/DataFrames/58MUJ/src/dataframe/dataframe.jl:513 [inlined]
getindex at /home/ebeasley/.julia/packages/DataFrames/58MUJ/src/dataframerow/dataframerow.jl:212 [inlined]
getproperty at /home/ebeasley/.julia/packages/DataFrames/58MUJ/src/dataframerow/dataframerow.jl:302
#40 at /home/ebeasley/Functions.jl:395
_broadcast_getindex_evalf at ./broadcast.jl:683 [inlined]
_broadcast_getindex at ./broadcast.jl:656 [inlined]
getindex at ./broadcast.jl:610 [inlined]
copyto_nonleaf! at ./broadcast.jl:1068
unknown function (ip: 0x14c48c562c8c)
copy at ./broadcast.jl:920 [inlined]
materialize at ./broadcast.jl:873 [inlined]
findall at ./array.jl:2359
#dont_fear_the_reaper#36 at /home/ebeasley/Functions.jl:395
dont_fear_the_reaper at /home/ebeasley/Functions.jl:357 [inlined]
#the_mega_loop#121 at /home/ebeasley/RunTheSim.jl:52
the_mega_loop at /home/ebeasley/RunTheSim.jl:25
unknown function (ip: 0x14c48c5406c2)
_jl_invoke at /tmp/ebuser/avx2/Julia/1.9.1/GCCcore-9.3.0/julia-1.9.1/src/gf.c:2758 [inlined]
ijl_apply_generic at /tmp/ebuser/avx2/Julia/1.9.1/GCCcore-9.3.0/julia-1.9.1/src/gf.c:2940
top-level scope at /home/ebeasley/RunTheSim.jl:132
jl_toplevel_eval_flex at /tmp/ebuser/avx2/Julia/1.9.1/GCCcore-9.3.0/julia-1.9.1/src/toplevel.c:903
jl_toplevel_eval_flex at /tmp/ebuser/avx2/Julia/1.9.1/GCCcore-9.3.0/julia-1.9.1/src/toplevel.c:856
ijl_toplevel_eval_in at /tmp/ebuser/avx2/Julia/1.9.1/GCCcore-9.3.0/julia-1.9.1/src/toplevel.c:971
eval at ./boot.jl:370 [inlined]
include_string at ./loading.jl:1899
_jl_invoke at /tmp/ebuser/avx2/Julia/1.9.1/GCCcore-9.3.0/julia-1.9.1/src/gf.c:2758 [inlined]
ijl_apply_generic at /tmp/ebuser/avx2/Julia/1.9.1/GCCcore-9.3.0/julia-1.9.1/src/gf.c:2940
_include at ./loading.jl:1959
include at ./Base.jl:457
jfptr_include_41309 at /cvmfs/soft.computecanada.ca/easybuild/software/2020/avx2/Core/julia/1.9.1/lib/julia/sys.so (unknown line)
_jl_invoke at /tmp/ebuser/avx2/Julia/1.9.1/GCCcore-9.3.0/julia-1.9.1/src/gf.c:2758 [inlined]
ijl_apply_generic at /tmp/ebuser/avx2/Julia/1.9.1/GCCcore-9.3.0/julia-1.9.1/src/gf.c:2940
exec_options at ./client.jl:307
_start at ./client.jl:522
jfptr__start_39437 at /cvmfs/soft.computecanada.ca/easybuild/software/2020/avx2/Core/julia/1.9.1/lib/julia/sys.so (unknown line)
_jl_invoke at /tmp/ebuser/avx2/Julia/1.9.1/GCCcore-9.3.0/julia-1.9.1/src/gf.c:2758 [inlined]
ijl_apply_generic at /tmp/ebuser/avx2/Julia/1.9.1/GCCcore-9.3.0/julia-1.9.1/src/gf.c:2940
jl_apply at /tmp/ebuser/avx2/Julia/1.9.1/GCCcore-9.3.0/julia-1.9.1/src/julia.h:1879 [inlined]
true_main at /tmp/ebuser/avx2/Julia/1.9.1/GCCcore-9.3.0/julia-1.9.1/src/jlapi.c:573
jl_repl_entrypoint at /tmp/ebuser/avx2/Julia/1.9.1/GCCcore-9.3.0/julia-1.9.1/src/jlapi.c:717
main at julia (unknown line)
__libc_start_main at /cvmfs/soft.computecanada.ca/gentoo/2020/lib64/libc.so.6 (unknown line)
_start at julia (unknown line)
Allocations: 13810076077 (Pool: 13368664465; Big: 441411612); GC: 63210
/localscratch/spool/slurmd/job56265063/slurm_script: line 12: 786894 Segmentation fault      (core dumped) julia --project RunTheSim.jl
