
[3845979] signal (11.1): Segmentation fault
in expression starting at /home/ebeasley/RunTheSim.jl:124
jl_lookup_generic_ at /tmp/ebuser/avx512/Julia/1.9.3/GCCcore-12.3-gentoo/julia-1.9.3/src/gf.c:2858 [inlined]
ijl_apply_generic at /tmp/ebuser/avx512/Julia/1.9.3/GCCcore-12.3-gentoo/julia-1.9.3/src/gf.c:2936
eachcolumn at /home/ebeasley/.julia/packages/Tables/cRTb7/src/utils.jl:70 [inlined]
writerow at /home/ebeasley/.julia/packages/CSV/LiiJM/src/write.jl:364
#107 at /home/ebeasley/.julia/packages/CSV/LiiJM/src/write.jl:225
unknown function (ip: 0x14ac68382132)
with at /home/ebeasley/.julia/packages/CSV/LiiJM/src/write.jl:299
#write#106 at /home/ebeasley/.julia/packages/CSV/LiiJM/src/write.jl:215 [inlined]
write at /home/ebeasley/.julia/packages/CSV/LiiJM/src/write.jl:203
unknown function (ip: 0x14ac68380a2e)
#write#103 at /home/ebeasley/.julia/packages/CSV/LiiJM/src/write.jl:199
write at /home/ebeasley/.julia/packages/CSV/LiiJM/src/write.jl:162
unknown function (ip: 0x14ac68380116)
top-level scope at /home/ebeasley/RunTheSim.jl:139
jl_toplevel_eval_flex at /tmp/ebuser/avx512/Julia/1.9.3/GCCcore-12.3-gentoo/julia-1.9.3/src/toplevel.c:903
jl_toplevel_eval_flex at /tmp/ebuser/avx512/Julia/1.9.3/GCCcore-12.3-gentoo/julia-1.9.3/src/toplevel.c:856
ijl_toplevel_eval_in at /tmp/ebuser/avx512/Julia/1.9.3/GCCcore-12.3-gentoo/julia-1.9.3/src/toplevel.c:971
eval at ./boot.jl:370 [inlined]
include_string at ./loading.jl:1903
_include at ./loading.jl:1963
include at ./Base.jl:457
jfptr_include_41934 at /cvmfs/soft.computecanada.ca/easybuild/software/2023/x86-64-v4/Compiler/gcccore/julia/1.9.3/lib/julia/sys.so (unknown line)
exec_options at ./client.jl:307
_start at ./client.jl:522
jfptr__start_46479 at /cvmfs/soft.computecanada.ca/easybuild/software/2023/x86-64-v4/Compiler/gcccore/julia/1.9.3/lib/julia/sys.so (unknown line)
jl_apply at /tmp/ebuser/avx512/Julia/1.9.3/GCCcore-12.3-gentoo/julia-1.9.3/src/julia.h:1880 [inlined]
true_main at /tmp/ebuser/avx512/Julia/1.9.3/GCCcore-12.3-gentoo/julia-1.9.3/src/jlapi.c:573
jl_repl_entrypoint at /tmp/ebuser/avx512/Julia/1.9.3/GCCcore-12.3-gentoo/julia-1.9.3/src/jlapi.c:717
main at julia (unknown line)
unknown function (ip: 0x14af834e5949)
__libc_start_main at /cvmfs/soft.computecanada.ca/gentoo/2023/x86-64-v3/usr/lib64/libc.so.6 (unknown line)
_start at julia (unknown line)
Allocations: 44257145901 (Pool: 42804691656; Big: 1452454245); GC: 207392
/localscratch/spool/slurmd/job9580163/slurm_script: line 12: 3845979 Segmentation fault      (core dumped) julia --project RunTheSim.jl $SLURM_ARRAY_TASK_ID
