
[677350] signal (11.1): Segmentation fault
in expression starting at /home/ebeasley/RunTheSim.jl:124
lookup_leafcache at /tmp/ebuser/avx512/Julia/1.9.3/GCCcore-12.3-gentoo/julia-1.9.3/src/gf.c:1128 [inlined]
jl_lookup_generic_ at /tmp/ebuser/avx512/Julia/1.9.3/GCCcore-12.3-gentoo/julia-1.9.3/src/gf.c:2885 [inlined]
ijl_apply_generic at /tmp/ebuser/avx512/Julia/1.9.3/GCCcore-12.3-gentoo/julia-1.9.3/src/gf.c:2936
_deleteat!_helper at /home/ebeasley/.julia/packages/DataFrames/C5AEe/src/dataframe/dataframe.jl:932
deleteat! at /home/ebeasley/.julia/packages/DataFrames/C5AEe/src/dataframe/dataframe.jl:889
jfptr_deleteatNOT._7929 at /home/ebeasley/.julia/compiled/v1.9/DataFrames/AR9oZ_p1Ej9.so (unknown line)
_filter!_helper at /home/ebeasley/.julia/packages/DataFrames/C5AEe/src/abstractdataframe/abstractdataframe.jl:1376
jl_apply at /tmp/ebuser/avx512/Julia/1.9.3/GCCcore-12.3-gentoo/julia-1.9.3/src/julia.h:1880 [inlined]
do_apply at /tmp/ebuser/avx512/Julia/1.9.3/GCCcore-12.3-gentoo/julia-1.9.3/src/builtins.c:730
filter! at /home/ebeasley/.julia/packages/DataFrames/C5AEe/src/abstractdataframe/abstractdataframe.jl:1367 [inlined]
filter! at /home/ebeasley/.julia/packages/DataFrames/C5AEe/src/abstractdataframe/abstractdataframe.jl:1361 [inlined]
#immigration#106 at /home/ebeasley/Functions.jl:646
immigration at /home/ebeasley/Functions.jl:566 [inlined]
#the_mega_loop#121 at /home/ebeasley/RunTheSim.jl:67
the_mega_loop at /home/ebeasley/RunTheSim.jl:25
unknown function (ip: 0x149e37b15842)
top-level scope at /home/ebeasley/RunTheSim.jl:131
jl_toplevel_eval_flex at /tmp/ebuser/avx512/Julia/1.9.3/GCCcore-12.3-gentoo/julia-1.9.3/src/toplevel.c:903
jl_toplevel_eval_flex at /tmp/ebuser/avx512/Julia/1.9.3/GCCcore-12.3-gentoo/julia-1.9.3/src/toplevel.c:856
ijl_toplevel_eval_in at /tmp/ebuser/avx512/Julia/1.9.3/GCCcore-12.3-gentoo/julia-1.9.3/src/toplevel.c:971
eval at ./boot.jl:370 [inlined]
include_string at ./loading.jl:1903
_include at ./loading.jl:1963
include at ./Base.jl:457
jfptr_include_41934 at /cvmfs/soft.computecanada.ca/easybuild/software/2023/x86-64-v4/Compiler/gcccore/julia/1.9.3/lib/julia/sys.so (unknown line)
exec_options at ./client.jl:307
_start at ./client.jl:522
jfptr__start_46479 at /cvmfs/soft.computecanada.ca/easybuild/software/2023/x86-64-v4/Compiler/gcccore/julia/1.9.3/lib/julia/sys.so (unknown line)
jl_apply at /tmp/ebuser/avx512/Julia/1.9.3/GCCcore-12.3-gentoo/julia-1.9.3/src/julia.h:1880 [inlined]
true_main at /tmp/ebuser/avx512/Julia/1.9.3/GCCcore-12.3-gentoo/julia-1.9.3/src/jlapi.c:573
jl_repl_entrypoint at /tmp/ebuser/avx512/Julia/1.9.3/GCCcore-12.3-gentoo/julia-1.9.3/src/jlapi.c:717
main at julia (unknown line)
unknown function (ip: 0x14a152bdd949)
__libc_start_main at /cvmfs/soft.computecanada.ca/gentoo/2023/x86-64-v3/usr/lib64/libc.so.6 (unknown line)
_start at julia (unknown line)
Allocations: 39516653603 (Pool: 38244909425; Big: 1271744178); GC: 182303
/localscratch/spool/slurmd/job9585136/slurm_script: line 12: 677350 Segmentation fault      (core dumped) julia --project RunTheSim.jl $SLURM_ARRAY_TASK_ID
