
Due to MODULEPATH changes, the following have been reloaded:
  1) mii/1.1.2

The following have been reloaded with a version change:
  1) StdEnv/2023 => StdEnv/2020
  2) blis/0.9.0 => blis/0.8.1
  3) flexiblas/3.3.1 => flexiblas/3.0.4
  4) gcccore/.12.3 => gcccore/.9.3.0
  5) gentoo/2023 => gentoo/2020
  6) libfabric/1.18.0 => libfabric/1.10.1
  7) openmpi/4.1.5 => openmpi/4.0.3
  8) ucx/1.14.1 => ucx/1.8.0


[2375817] signal (11.1): Segmentation fault
in expression starting at /home/ebeasley/RunTheSim.jl:131
ijl_types_equal at /tmp/ebuser/avx2/Julia/1.9.1/GCCcore-9.3.0/julia-1.9.1/src/subtype.c:1981
jl_specializations_get_linfo_ at /tmp/ebuser/avx2/Julia/1.9.1/GCCcore-9.3.0/julia-1.9.1/src/gf.c:129
cache_method at /tmp/ebuser/avx2/Julia/1.9.1/GCCcore-9.3.0/julia-1.9.1/src/gf.c:1199
ml_matches at /tmp/ebuser/avx2/Julia/1.9.1/GCCcore-9.3.0/julia-1.9.1/src/gf.c:3685
ijl_matching_methods at /tmp/ebuser/avx2/Julia/1.9.1/GCCcore-9.3.0/julia-1.9.1/src/gf.c:2153
_methods_by_ftype at ./reflection.jl:952 [inlined]
_findall at ./compiler/methodtable.jl:107 [inlined]
#findall#275 at ./compiler/methodtable.jl:76 [inlined]
findall at ./compiler/methodtable.jl:75 [inlined]
#findall#277 at ./compiler/methodtable.jl:123
findall at ./compiler/methodtable.jl:114 [inlined]
find_matching_methods at ./compiler/abstractinterpretation.jl:336
abstract_call_gf_by_type at ./compiler/abstractinterpretation.jl:80
abstract_call_known at ./compiler/abstractinterpretation.jl:1949
abstract_call at ./compiler/abstractinterpretation.jl:2020
abstract_call at ./compiler/abstractinterpretation.jl:1999
abstract_eval_statement_expr at ./compiler/abstractinterpretation.jl:2183
abstract_eval_statement at ./compiler/abstractinterpretation.jl:2396
abstract_eval_basic_statement at ./compiler/abstractinterpretation.jl:2684
typeinf_local at ./compiler/abstractinterpretation.jl:2869
typeinf_nocycle at ./compiler/abstractinterpretation.jl:2957
_typeinf at ./compiler/typeinfer.jl:246
typeinf at ./compiler/typeinfer.jl:216
typeinf_edge at ./compiler/typeinfer.jl:933
abstract_call_method at ./compiler/abstractinterpretation.jl:611
abstract_call_gf_by_type at ./compiler/abstractinterpretation.jl:152
abstract_call_known at ./compiler/abstractinterpretation.jl:1949
abstract_call at ./compiler/abstractinterpretation.jl:2020
abstract_call at ./compiler/abstractinterpretation.jl:1999
abstract_eval_statement_expr at ./compiler/abstractinterpretation.jl:2183
abstract_eval_statement at ./compiler/abstractinterpretation.jl:2396
abstract_eval_basic_statement at ./compiler/abstractinterpretation.jl:2684
typeinf_local at ./compiler/abstractinterpretation.jl:2869
typeinf_nocycle at ./compiler/abstractinterpretation.jl:2957
_typeinf at ./compiler/typeinfer.jl:246
typeinf at ./compiler/typeinfer.jl:216
typeinf_ext at ./compiler/typeinfer.jl:1058
typeinf_ext_toplevel at ./compiler/typeinfer.jl:1091
typeinf_ext_toplevel at ./compiler/typeinfer.jl:1087
jfptr_typeinf_ext_toplevel_19688 at /cvmfs/soft.computecanada.ca/easybuild/software/2020/avx2/Core/julia/1.9.1/lib/julia/sys.so (unknown line)
_jl_invoke at /tmp/ebuser/avx2/Julia/1.9.1/GCCcore-9.3.0/julia-1.9.1/src/gf.c:2758 [inlined]
ijl_apply_generic at /tmp/ebuser/avx2/Julia/1.9.1/GCCcore-9.3.0/julia-1.9.1/src/gf.c:2940
jl_apply at /tmp/ebuser/avx2/Julia/1.9.1/GCCcore-9.3.0/julia-1.9.1/src/julia.h:1879 [inlined]
jl_type_infer at /tmp/ebuser/avx2/Julia/1.9.1/GCCcore-9.3.0/julia-1.9.1/src/gf.c:320
jl_generate_fptr_impl at /tmp/ebuser/avx2/Julia/1.9.1/GCCcore-9.3.0/julia-1.9.1/src/jitlayers.cpp:444
jl_compile_method_internal at /tmp/ebuser/avx2/Julia/1.9.1/GCCcore-9.3.0/julia-1.9.1/src/gf.c:2348 [inlined]
jl_compile_method_internal at /tmp/ebuser/avx2/Julia/1.9.1/GCCcore-9.3.0/julia-1.9.1/src/gf.c:2237
_jl_invoke at /tmp/ebuser/avx2/Julia/1.9.1/GCCcore-9.3.0/julia-1.9.1/src/gf.c:2750 [inlined]
ijl_apply_generic at /tmp/ebuser/avx2/Julia/1.9.1/GCCcore-9.3.0/julia-1.9.1/src/gf.c:2940
lookupname at /home/ebeasley/.julia/packages/DataFrames/58MUJ/src/other/index.jl:406 [inlined]
getindex at /home/ebeasley/.julia/packages/DataFrames/58MUJ/src/other/index.jl:422 [inlined]
getindex at /home/ebeasley/.julia/packages/DataFrames/58MUJ/src/dataframe/dataframe.jl:557
getproperty at /home/ebeasley/.julia/packages/DataFrames/58MUJ/src/abstractdataframe/abstractdataframe.jl:431 [inlined]
#11 at ./none:0
iterate at ./generator.jl:47 [inlined]
collect_to! at ./array.jl:840
collect_to_with_first! at ./array.jl:818
unknown function (ip: 0x14b6fa33c5a5)
_jl_invoke at /tmp/ebuser/avx2/Julia/1.9.1/GCCcore-9.3.0/julia-1.9.1/src/gf.c:2758 [inlined]
ijl_apply_generic at /tmp/ebuser/avx2/Julia/1.9.1/GCCcore-9.3.0/julia-1.9.1/src/gf.c:2940
collect at ./array.jl:792
move at /home/ebeasley/Functions.jl:198
unknown function (ip: 0x14b6fa339c10)
_jl_invoke at /tmp/ebuser/avx2/Julia/1.9.1/GCCcore-9.3.0/julia-1.9.1/src/gf.c:2758 [inlined]
ijl_apply_generic at /tmp/ebuser/avx2/Julia/1.9.1/GCCcore-9.3.0/julia-1.9.1/src/gf.c:2940
#the_mega_loop#121 at /home/ebeasley/RunTheSim.jl:56
the_mega_loop at /home/ebeasley/RunTheSim.jl:25
unknown function (ip: 0x14b6fa323752)
_jl_invoke at /tmp/ebuser/avx2/Julia/1.9.1/GCCcore-9.3.0/julia-1.9.1/src/gf.c:2758 [inlined]
ijl_apply_generic at /tmp/ebuser/avx2/Julia/1.9.1/GCCcore-9.3.0/julia-1.9.1/src/gf.c:2940
top-level scope at /home/ebeasley/RunTheSim.jl:132
jl_toplevel_eval_flex at /tmp/ebuser/avx2/Julia/1.9.1/GCCcore-9.3.0/julia-1.9.1/src/toplevel.c:903
jl_toplevel_eval_flex at /tmp/ebuser/avx2/Julia/1.9.1/GCCcore-9.3.0/julia-1.9.1/src/toplevel.c:856
ijl_toplevel_eval_in at /tmp/ebuser/avx2/Julia/1.9.1/GCCcore-9.3.0/julia-1.9.1/src/toplevel.c:971
eval at ./boot.jl:370 [inlined]
include_string at ./loading.jl:1899
_jl_invoke at /tmp/ebuser/avx2/Julia/1.9.1/GCCcore-9.3.0/julia-1.9.1/src/gf.c:2758 [inlined]
ijl_apply_generic at /tmp/ebuser/avx2/Julia/1.9.1/GCCcore-9.3.0/julia-1.9.1/src/gf.c:2940
_include at ./loading.jl:1959
include at ./Base.jl:457
jfptr_include_41309 at /cvmfs/soft.computecanada.ca/easybuild/software/2020/avx2/Core/julia/1.9.1/lib/julia/sys.so (unknown line)
_jl_invoke at /tmp/ebuser/avx2/Julia/1.9.1/GCCcore-9.3.0/julia-1.9.1/src/gf.c:2758 [inlined]
ijl_apply_generic at /tmp/ebuser/avx2/Julia/1.9.1/GCCcore-9.3.0/julia-1.9.1/src/gf.c:2940
exec_options at ./client.jl:307
_start at ./client.jl:522
jfptr__start_39437 at /cvmfs/soft.computecanada.ca/easybuild/software/2020/avx2/Core/julia/1.9.1/lib/julia/sys.so (unknown line)
_jl_invoke at /tmp/ebuser/avx2/Julia/1.9.1/GCCcore-9.3.0/julia-1.9.1/src/gf.c:2758 [inlined]
ijl_apply_generic at /tmp/ebuser/avx2/Julia/1.9.1/GCCcore-9.3.0/julia-1.9.1/src/gf.c:2940
jl_apply at /tmp/ebuser/avx2/Julia/1.9.1/GCCcore-9.3.0/julia-1.9.1/src/julia.h:1879 [inlined]
true_main at /tmp/ebuser/avx2/Julia/1.9.1/GCCcore-9.3.0/julia-1.9.1/src/jlapi.c:573
jl_repl_entrypoint at /tmp/ebuser/avx2/Julia/1.9.1/GCCcore-9.3.0/julia-1.9.1/src/jlapi.c:717
main at julia (unknown line)
__libc_start_main at /cvmfs/soft.computecanada.ca/gentoo/2020/lib64/libc.so.6 (unknown line)
_start at julia (unknown line)
Allocations: 16485370434 (Pool: 15947030672; Big: 538339762); GC: 76950
/localscratch/spool/slurmd/job56241375/slurm_script: line 12: 2375817 Segmentation fault      (core dumped) julia --project RunTheSim.jl
