
Due to MODULEPATH changes, the following have been reloaded:
  1) mii/1.1.2

The following have been reloaded with a version change:
  1) StdEnv/2023 => StdEnv/2020
  2) blis/0.9.0 => blis/0.8.1
  3) flexiblas/3.3.1 => flexiblas/3.0.4
  4) gcccore/.12.3 => gcccore/.9.3.0
  5) gentoo/2023 => gentoo/2020
  6) libfabric/1.18.0 => libfabric/1.10.1
  7) openmpi/4.1.5 => openmpi/4.0.3
  8) ucx/1.14.1 => ucx/1.8.0


[1995600] signal (11.1): Segmentation fault
in expression starting at none:0
gc_mark_loop at /tmp/ebuser/avx2/Julia/1.9.1/GCCcore-9.3.0/julia-1.9.1/src/gc.c:2819
_jl_gc_collect at /tmp/ebuser/avx2/Julia/1.9.1/GCCcore-9.3.0/julia-1.9.1/src/gc.c:3400
ijl_gc_collect at /tmp/ebuser/avx2/Julia/1.9.1/GCCcore-9.3.0/julia-1.9.1/src/gc.c:3707
maybe_collect at /tmp/ebuser/avx2/Julia/1.9.1/GCCcore-9.3.0/julia-1.9.1/src/gc.c:1078 [inlined]
jl_gc_pool_alloc_inner at /tmp/ebuser/avx2/Julia/1.9.1/GCCcore-9.3.0/julia-1.9.1/src/gc.c:1443 [inlined]
jl_gc_pool_alloc_noinline at /tmp/ebuser/avx2/Julia/1.9.1/GCCcore-9.3.0/julia-1.9.1/src/gc.c:1504 [inlined]
jl_gc_alloc_ at /tmp/ebuser/avx2/Julia/1.9.1/GCCcore-9.3.0/julia-1.9.1/src/julia_internal.h:460 [inlined]
jl_gc_alloc at /tmp/ebuser/avx2/Julia/1.9.1/GCCcore-9.3.0/julia-1.9.1/src/gc.c:3754
ijl_new_struct at /tmp/ebuser/avx2/Julia/1.9.1/GCCcore-9.3.0/julia-1.9.1/src/datatype.c:1372
ijl_type_unionall at /tmp/ebuser/avx2/Julia/1.9.1/GCCcore-9.3.0/julia-1.9.1/src/jltypes.c:705
finish_unionall at /tmp/ebuser/avx2/Julia/1.9.1/GCCcore-9.3.0/julia-1.9.1/src/subtype.c:2665
intersect_unionall_ at /tmp/ebuser/avx2/Julia/1.9.1/GCCcore-9.3.0/julia-1.9.1/src/subtype.c:2752
intersect_unionall at /tmp/ebuser/avx2/Julia/1.9.1/GCCcore-9.3.0/julia-1.9.1/src/subtype.c:2765
intersect at /tmp/ebuser/avx2/Julia/1.9.1/GCCcore-9.3.0/julia-1.9.1/src/subtype.c:3232
intersect_all at /tmp/ebuser/avx2/Julia/1.9.1/GCCcore-9.3.0/julia-1.9.1/src/subtype.c:3322
jl_type_intersection_env_s at /tmp/ebuser/avx2/Julia/1.9.1/GCCcore-9.3.0/julia-1.9.1/src/subtype.c:3550
jl_typemap_intersection_node_visitor at /tmp/ebuser/avx2/Julia/1.9.1/GCCcore-9.3.0/julia-1.9.1/src/typemap.c:457
jl_typemap_intersection_visitor at /tmp/ebuser/avx2/Julia/1.9.1/GCCcore-9.3.0/julia-1.9.1/src/typemap.c:624
jl_typemap_intersection_array_visitor at /tmp/ebuser/avx2/Julia/1.9.1/GCCcore-9.3.0/julia-1.9.1/src/typemap.c:407
jl_typemap_intersection_visitor at /tmp/ebuser/avx2/Julia/1.9.1/GCCcore-9.3.0/julia-1.9.1/src/typemap.c:610
jl_typemap_intersection_visitor at /tmp/ebuser/avx2/Julia/1.9.1/GCCcore-9.3.0/julia-1.9.1/src/typemap.c:601
jl_typemap_intersection_visitor at /tmp/ebuser/avx2/Julia/1.9.1/GCCcore-9.3.0/julia-1.9.1/src/typemap.c:545
ml_matches at /tmp/ebuser/avx2/Julia/1.9.1/GCCcore-9.3.0/julia-1.9.1/src/gf.c:3253
ijl_matching_methods at /tmp/ebuser/avx2/Julia/1.9.1/GCCcore-9.3.0/julia-1.9.1/src/gf.c:2153
_methods_by_ftype at ./reflection.jl:952 [inlined]
_findall at ./compiler/methodtable.jl:107 [inlined]
#findall#275 at ./compiler/methodtable.jl:76 [inlined]
findall at ./compiler/methodtable.jl:75 [inlined]
#findall#277 at ./compiler/methodtable.jl:123
findall at ./compiler/methodtable.jl:114 [inlined]
find_matching_methods at ./compiler/abstractinterpretation.jl:336
abstract_call_gf_by_type at ./compiler/abstractinterpretation.jl:80
abstract_call_known at ./compiler/abstractinterpretation.jl:1949
abstract_call at ./compiler/abstractinterpretation.jl:2020
abstract_apply at ./compiler/abstractinterpretation.jl:1566
abstract_call_known at ./compiler/abstractinterpretation.jl:1855
abstract_call at ./compiler/abstractinterpretation.jl:2020
abstract_call at ./compiler/abstractinterpretation.jl:1999
abstract_eval_statement_expr at ./compiler/abstractinterpretation.jl:2183
abstract_eval_statement at ./compiler/abstractinterpretation.jl:2396
abstract_eval_basic_statement at ./compiler/abstractinterpretation.jl:2660
typeinf_local at ./compiler/abstractinterpretation.jl:2869
typeinf_nocycle at ./compiler/abstractinterpretation.jl:2957
_typeinf at ./compiler/typeinfer.jl:246
typeinf at ./compiler/typeinfer.jl:216
typeinf_edge at ./compiler/typeinfer.jl:933
abstract_call_method at ./compiler/abstractinterpretation.jl:611
abstract_call_gf_by_type at ./compiler/abstractinterpretation.jl:152
abstract_call_known at ./compiler/abstractinterpretation.jl:1949
abstract_call at ./compiler/abstractinterpretation.jl:2020
abstract_apply at ./compiler/abstractinterpretation.jl:1566
abstract_call_known at ./compiler/abstractinterpretation.jl:1855
abstract_call at ./compiler/abstractinterpretation.jl:2020
abstract_call at ./compiler/abstractinterpretation.jl:1999
abstract_eval_statement_expr at ./compiler/abstractinterpretation.jl:2183
abstract_eval_statement at ./compiler/abstractinterpretation.jl:2396
abstract_eval_basic_statement at ./compiler/abstractinterpretation.jl:2684
typeinf_local at ./compiler/abstractinterpretation.jl:2869
typeinf_nocycle at ./compiler/abstractinterpretation.jl:2957
_typeinf at ./compiler/typeinfer.jl:246
typeinf at ./compiler/typeinfer.jl:216
typeinf_edge at ./compiler/typeinfer.jl:933
abstract_call_method at ./compiler/abstractinterpretation.jl:611
abstract_call_gf_by_type at ./compiler/abstractinterpretation.jl:152
abstract_call_known at ./compiler/abstractinterpretation.jl:1949
abstract_call at ./compiler/abstractinterpretation.jl:2020
abstract_apply at ./compiler/abstractinterpretation.jl:1566
abstract_call_known at ./compiler/abstractinterpretation.jl:1855
abstract_call at ./compiler/abstractinterpretation.jl:2020
abstract_call at ./compiler/abstractinterpretation.jl:1999
abstract_eval_statement_expr at ./compiler/abstractinterpretation.jl:2183
abstract_eval_statement at ./compiler/abstractinterpretation.jl:2396
abstract_eval_basic_statement at ./compiler/abstractinterpretation.jl:2684
typeinf_local at ./compiler/abstractinterpretation.jl:2869
typeinf_nocycle at ./compiler/abstractinterpretation.jl:2957
_typeinf at ./compiler/typeinfer.jl:246
typeinf at ./compiler/typeinfer.jl:216
typeinf_edge at ./compiler/typeinfer.jl:933
abstract_call_method at ./compiler/abstractinterpretation.jl:611
abstract_call_gf_by_type at ./compiler/abstractinterpretation.jl:152
abstract_call_known at ./compiler/abstractinterpretation.jl:1949
abstract_call at ./compiler/abstractinterpretation.jl:2020
abstract_apply at ./compiler/abstractinterpretation.jl:1566
abstract_call_known at ./compiler/abstractinterpretation.jl:1855
abstract_call at ./compiler/abstractinterpretation.jl:2020
abstract_call at ./compiler/abstractinterpretation.jl:1999
abstract_eval_statement_expr at ./compiler/abstractinterpretation.jl:2183
abstract_eval_statement at ./compiler/abstractinterpretation.jl:2396
abstract_eval_basic_statement at ./compiler/abstractinterpretation.jl:2684
typeinf_local at ./compiler/abstractinterpretation.jl:2869
typeinf_nocycle at ./compiler/abstractinterpretation.jl:2957
_typeinf at ./compiler/typeinfer.jl:246
typeinf at ./compiler/typeinfer.jl:216
typeinf_edge at ./compiler/typeinfer.jl:933
abstract_call_method at ./compiler/abstractinterpretation.jl:611
abstract_call_gf_by_type at ./compiler/abstractinterpretation.jl:152
abstract_call_known at ./compiler/abstractinterpretation.jl:1949
abstract_call at ./compiler/abstractinterpretation.jl:2020
abstract_apply at ./compiler/abstractinterpretation.jl:1566
abstract_call_known at ./compiler/abstractinterpretation.jl:1855
abstract_call at ./compiler/abstractinterpretation.jl:2020
abstract_call at ./compiler/abstractinterpretation.jl:1999
abstract_eval_statement_expr at ./compiler/abstractinterpretation.jl:2183
abstract_eval_statement at ./compiler/abstractinterpretation.jl:2396
abstract_eval_basic_statement at ./compiler/abstractinterpretation.jl:2684
typeinf_local at ./compiler/abstractinterpretation.jl:2869
typeinf_nocycle at ./compiler/abstractinterpretation.jl:2957
_typeinf at ./compiler/typeinfer.jl:246
typeinf at ./compiler/typeinfer.jl:216
typeinf_edge at ./compiler/typeinfer.jl:933
abstract_call_method at ./compiler/abstractinterpretation.jl:611
abstract_call_gf_by_type at ./compiler/abstractinterpretation.jl:152
abstract_call_known at ./compiler/abstractinterpretation.jl:1949
abstract_call at ./compiler/abstractinterpretation.jl:2020
abstract_apply at ./compiler/abstractinterpretation.jl:1566
abstract_call_known at ./compiler/abstractinterpretation.jl:1855
abstract_call at ./compiler/abstractinterpretation.jl:2020
abstract_call at ./compiler/abstractinterpretation.jl:1999
abstract_eval_statement_expr at ./compiler/abstractinterpretation.jl:2183
abstract_eval_statement at ./compiler/abstractinterpretation.jl:2396
abstract_eval_basic_statement at ./compiler/abstractinterpretation.jl:2684
typeinf_local at ./compiler/abstractinterpretation.jl:2869
typeinf_nocycle at ./compiler/abstractinterpretation.jl:2957
_typeinf at ./compiler/typeinfer.jl:246
typeinf at ./compiler/typeinfer.jl:216
typeinf_edge at ./compiler/typeinfer.jl:933
abstract_call_method at ./compiler/abstractinterpretation.jl:611
abstract_call_gf_by_type at ./compiler/abstractinterpretation.jl:152
abstract_call_known at ./compiler/abstractinterpretation.jl:1949
abstract_call at ./compiler/abstractinterpretation.jl:2020
abstract_call at ./compiler/abstractinterpretation.jl:1999
abstract_eval_statement_expr at ./compiler/abstractinterpretation.jl:2183
abstract_eval_statement at ./compiler/abstractinterpretation.jl:2396
abstract_eval_basic_statement at ./compiler/abstractinterpretation.jl:2684
typeinf_local at ./compiler/abstractinterpretation.jl:2869
typeinf_nocycle at ./compiler/abstractinterpretation.jl:2957
_typeinf at ./compiler/typeinfer.jl:246
typeinf at ./compiler/typeinfer.jl:216
typeinf_edge at ./compiler/typeinfer.jl:933
abstract_call_method at ./compiler/abstractinterpretation.jl:611
abstract_call_gf_by_type at ./compiler/abstractinterpretation.jl:152
abstract_call_known at ./compiler/abstractinterpretation.jl:1949
abstract_call at ./compiler/abstractinterpretation.jl:2020
abstract_call at ./compiler/abstractinterpretation.jl:1999
abstract_eval_statement_expr at ./compiler/abstractinterpretation.jl:2183
abstract_eval_statement at ./compiler/abstractinterpretation.jl:2396
abstract_eval_basic_statement at ./compiler/abstractinterpretation.jl:2684
typeinf_local at ./compiler/abstractinterpretation.jl:2869
typeinf_nocycle at ./compiler/abstractinterpretation.jl:2957
_typeinf at ./compiler/typeinfer.jl:246
typeinf at ./compiler/typeinfer.jl:216
typeinf_edge at ./compiler/typeinfer.jl:933
abstract_call_method at ./compiler/abstractinterpretation.jl:611
abstract_call_gf_by_type at ./compiler/abstractinterpretation.jl:152
abstract_call_known at ./compiler/abstractinterpretation.jl:1949
abstract_call at ./compiler/abstractinterpretation.jl:2020
abstract_call at ./compiler/abstractinterpretation.jl:1999
abstract_eval_statement_expr at ./compiler/abstractinterpretation.jl:2183
abstract_eval_statement at ./compiler/abstractinterpretation.jl:2396
abstract_eval_basic_statement at ./compiler/abstractinterpretation.jl:2684
typeinf_local at ./compiler/abstractinterpretation.jl:2869
typeinf_nocycle at ./compiler/abstractinterpretation.jl:2957
_typeinf at ./compiler/typeinfer.jl:246
typeinf at ./compiler/typeinfer.jl:216
typeinf_edge at ./compiler/typeinfer.jl:933
abstract_call_method at ./compiler/abstractinterpretation.jl:611
abstract_call_gf_by_type at ./compiler/abstractinterpretation.jl:152
abstract_call_known at ./compiler/abstractinterpretation.jl:1949
abstract_call at ./compiler/abstractinterpretation.jl:2020
abstract_call at ./compiler/abstractinterpretation.jl:1999
abstract_eval_statement_expr at ./compiler/abstractinterpretation.jl:2183
abstract_eval_statement at ./compiler/abstractinterpretation.jl:2396
abstract_eval_basic_statement at ./compiler/abstractinterpretation.jl:2684
typeinf_local at ./compiler/abstractinterpretation.jl:2869
typeinf_nocycle at ./compiler/abstractinterpretation.jl:2957
_typeinf at ./compiler/typeinfer.jl:246
typeinf at ./compiler/typeinfer.jl:216
typeinf_edge at ./compiler/typeinfer.jl:933
abstract_call_method at ./compiler/abstractinterpretation.jl:611
abstract_call_gf_by_type at ./compiler/abstractinterpretation.jl:152
abstract_call_known at ./compiler/abstractinterpretation.jl:1949
abstract_call at ./compiler/abstractinterpretation.jl:2020
abstract_call at ./compiler/abstractinterpretation.jl:1999
abstract_eval_statement_expr at ./compiler/abstractinterpretation.jl:2183
abstract_eval_statement at ./compiler/abstractinterpretation.jl:2396
abstract_eval_basic_statement at ./compiler/abstractinterpretation.jl:2684
typeinf_local at ./compiler/abstractinterpretation.jl:2869
typeinf_nocycle at ./compiler/abstractinterpretation.jl:2957
_typeinf at ./compiler/typeinfer.jl:246
typeinf at ./compiler/typeinfer.jl:216
typeinf_edge at ./compiler/typeinfer.jl:933
abstract_call_method at ./compiler/abstractinterpretation.jl:611
abstract_call_gf_by_type at ./compiler/abstractinterpretation.jl:152
abstract_call_known at ./compiler/abstractinterpretation.jl:1949
abstract_call at ./compiler/abstractinterpretation.jl:2020
abstract_call at ./compiler/abstractinterpretation.jl:1999
abstract_eval_statement_expr at ./compiler/abstractinterpretation.jl:2183
abstract_eval_statement at ./compiler/abstractinterpretation.jl:2396
abstract_eval_basic_statement at ./compiler/abstractinterpretation.jl:2684
typeinf_local at ./compiler/abstractinterpretation.jl:2869
typeinf_nocycle at ./compiler/abstractinterpretation.jl:2957
_typeinf at ./compiler/typeinfer.jl:246
typeinf at ./compiler/typeinfer.jl:216
typeinf_edge at ./compiler/typeinfer.jl:933
abstract_call_method at ./compiler/abstractinterpretation.jl:611
abstract_call_gf_by_type at ./compiler/abstractinterpretation.jl:152
abstract_call_known at ./compiler/abstractinterpretation.jl:1949
abstract_call at ./compiler/abstractinterpretation.jl:2020
abstract_call at ./compiler/abstractinterpretation.jl:1999
abstract_eval_statement_expr at ./compiler/abstractinterpretation.jl:2183
abstract_eval_statement at ./compiler/abstractinterpretation.jl:2396
abstract_eval_basic_statement at ./compiler/abstractinterpretation.jl:2684
typeinf_local at ./compiler/abstractinterpretation.jl:2869
typeinf_nocycle at ./compiler/abstractinterpretation.jl:2957
_typeinf at ./compiler/typeinfer.jl:246
typeinf at ./compiler/typeinfer.jl:216
typeinf_edge at ./compiler/typeinfer.jl:933
abstract_call_method at ./compiler/abstractinterpretation.jl:611
abstract_call_gf_by_type at ./compiler/abstractinterpretation.jl:152
abstract_call_known at ./compiler/abstractinterpretation.jl:1949
abstract_call at ./compiler/abstractinterpretation.jl:2020
abstract_call at ./compiler/abstractinterpretation.jl:1999
abstract_eval_statement_expr at ./compiler/abstractinterpretation.jl:2183
abstract_eval_statement at ./compiler/abstractinterpretation.jl:2396
abstract_eval_basic_statement at ./compiler/abstractinterpretation.jl:2684
typeinf_local at ./compiler/abstractinterpretation.jl:2869
typeinf_nocycle at ./compiler/abstractinterpretation.jl:2957
_typeinf at ./compiler/typeinfer.jl:246
typeinf at ./compiler/typeinfer.jl:216
typeinf_edge at ./compiler/typeinfer.jl:933
abstract_call_method at ./compiler/abstractinterpretation.jl:611
abstract_call_gf_by_type at ./compiler/abstractinterpretation.jl:152
abstract_call_known at ./compiler/abstractinterpretation.jl:1949
abstract_call at ./compiler/abstractinterpretation.jl:2020
abstract_call at ./compiler/abstractinterpretation.jl:1999
abstract_eval_statement_expr at ./compiler/abstractinterpretation.jl:2183
abstract_eval_statement at ./compiler/abstractinterpretation.jl:2396
abstract_eval_basic_statement at ./compiler/abstractinterpretation.jl:2684
typeinf_local at ./compiler/abstractinterpretation.jl:2869
typeinf_nocycle at ./compiler/abstractinterpretation.jl:2957
_typeinf at ./compiler/typeinfer.jl:246
typeinf at ./compiler/typeinfer.jl:216
typeinf_edge at ./compiler/typeinfer.jl:933
abstract_call_method at ./compiler/abstractinterpretation.jl:611
abstract_call_gf_by_type at ./compiler/abstractinterpretation.jl:152
abstract_call_known at ./compiler/abstractinterpretation.jl:1949
abstract_call at ./compiler/abstractinterpretation.jl:2020
abstract_call at ./compiler/abstractinterpretation.jl:1999
abstract_eval_statement_expr at ./compiler/abstractinterpretation.jl:2183
abstract_eval_statement at ./compiler/abstractinterpretation.jl:2396
abstract_eval_basic_statement at ./compiler/abstractinterpretation.jl:2684
typeinf_local at ./compiler/abstractinterpretation.jl:2869
typeinf_nocycle at ./compiler/abstractinterpretation.jl:2957
_typeinf at ./compiler/typeinfer.jl:246
typeinf at ./compiler/typeinfer.jl:216
typeinf_ext at ./compiler/typeinfer.jl:1058
typeinf_ext_toplevel at ./compiler/typeinfer.jl:1091
typeinf_ext_toplevel at ./compiler/typeinfer.jl:1087
jfptr_typeinf_ext_toplevel_19688 at /cvmfs/soft.computecanada.ca/easybuild/software/2020/avx2/Core/julia/1.9.1/lib/julia/sys.so (unknown line)
_jl_invoke at /tmp/ebuser/avx2/Julia/1.9.1/GCCcore-9.3.0/julia-1.9.1/src/gf.c:2758 [inlined]
ijl_apply_generic at /tmp/ebuser/avx2/Julia/1.9.1/GCCcore-9.3.0/julia-1.9.1/src/gf.c:2940
jl_apply at /tmp/ebuser/avx2/Julia/1.9.1/GCCcore-9.3.0/julia-1.9.1/src/julia.h:1879 [inlined]
jl_type_infer at /tmp/ebuser/avx2/Julia/1.9.1/GCCcore-9.3.0/julia-1.9.1/src/gf.c:320
jl_generate_fptr_impl at /tmp/ebuser/avx2/Julia/1.9.1/GCCcore-9.3.0/julia-1.9.1/src/jitlayers.cpp:444
jl_compile_method_internal at /tmp/ebuser/avx2/Julia/1.9.1/GCCcore-9.3.0/julia-1.9.1/src/gf.c:2348 [inlined]
jl_compile_method_internal at /tmp/ebuser/avx2/Julia/1.9.1/GCCcore-9.3.0/julia-1.9.1/src/gf.c:2237
_jl_invoke at /tmp/ebuser/avx2/Julia/1.9.1/GCCcore-9.3.0/julia-1.9.1/src/gf.c:2750 [inlined]
ijl_apply_generic at /tmp/ebuser/avx2/Julia/1.9.1/GCCcore-9.3.0/julia-1.9.1/src/gf.c:2940
#showerror#899 at ./errorshow.jl:96
showerror at ./errorshow.jl:94
unknown function (ip: 0x1468157636f2)
_jl_invoke at /tmp/ebuser/avx2/Julia/1.9.1/GCCcore-9.3.0/julia-1.9.1/src/gf.c:2758 [inlined]
ijl_apply_generic at /tmp/ebuser/avx2/Julia/1.9.1/GCCcore-9.3.0/julia-1.9.1/src/gf.c:2940
show_exception_stack at ./errorshow.jl:895
display_error at ./client.jl:111
unknown function (ip: 0x146815762e36)
_jl_invoke at /tmp/ebuser/avx2/Julia/1.9.1/GCCcore-9.3.0/julia-1.9.1/src/gf.c:2758 [inlined]
ijl_apply_generic at /tmp/ebuser/avx2/Julia/1.9.1/GCCcore-9.3.0/julia-1.9.1/src/gf.c:2940
display_error at ./client.jl:114
jfptr_display_error_43228 at /cvmfs/soft.computecanada.ca/easybuild/software/2020/avx2/Core/julia/1.9.1/lib/julia/sys.so (unknown line)
_jl_invoke at /tmp/ebuser/avx2/Julia/1.9.1/GCCcore-9.3.0/julia-1.9.1/src/gf.c:2758 [inlined]
ijl_apply_generic at /tmp/ebuser/avx2/Julia/1.9.1/GCCcore-9.3.0/julia-1.9.1/src/gf.c:2940
jl_apply at /tmp/ebuser/avx2/Julia/1.9.1/GCCcore-9.3.0/julia-1.9.1/src/julia.h:1879 [inlined]
jl_f__call_latest at /tmp/ebuser/avx2/Julia/1.9.1/GCCcore-9.3.0/julia-1.9.1/src/builtins.c:774
#invokelatest#2 at ./essentials.jl:816 [inlined]
invokelatest at ./essentials.jl:813 [inlined]
exec_options at ./client.jl:310
_start at ./client.jl:522
jfptr__start_39437 at /cvmfs/soft.computecanada.ca/easybuild/software/2020/avx2/Core/julia/1.9.1/lib/julia/sys.so (unknown line)
_jl_invoke at /tmp/ebuser/avx2/Julia/1.9.1/GCCcore-9.3.0/julia-1.9.1/src/gf.c:2758 [inlined]
ijl_apply_generic at /tmp/ebuser/avx2/Julia/1.9.1/GCCcore-9.3.0/julia-1.9.1/src/gf.c:2940
jl_apply at /tmp/ebuser/avx2/Julia/1.9.1/GCCcore-9.3.0/julia-1.9.1/src/julia.h:1879 [inlined]
true_main at /tmp/ebuser/avx2/Julia/1.9.1/GCCcore-9.3.0/julia-1.9.1/src/jlapi.c:573
jl_repl_entrypoint at /tmp/ebuser/avx2/Julia/1.9.1/GCCcore-9.3.0/julia-1.9.1/src/jlapi.c:717
main at julia (unknown line)
__libc_start_main at /cvmfs/soft.computecanada.ca/gentoo/2020/lib64/libc.so.6 (unknown line)
_start at julia (unknown line)
Allocations: 14618327605 (Pool: 14139884813; Big: 478442792); GC: 68214
/localscratch/spool/slurmd/job56268358/slurm_script: line 12: 1995600 Segmentation fault      (core dumped) julia --project RunTheSim.jl
