
Due to MODULEPATH changes, the following have been reloaded:
  1) mii/1.1.2

The following have been reloaded with a version change:
  1) StdEnv/2023 => StdEnv/2020
  2) blis/0.9.0 => blis/0.8.1
  3) flexiblas/3.3.1 => flexiblas/3.0.4
  4) gcccore/.12.3 => gcccore/.9.3.0
  5) gentoo/2023 => gentoo/2020
  6) libfabric/1.18.0 => libfabric/1.10.1
  7) openmpi/4.1.5 => openmpi/4.0.3
  8) ucx/1.14.1 => ucx/1.8.0


[1718245] signal (11.1): Segmentation fault
in expression starting at /home/ebeasley/RunTheSim.jl:131
gc_mark_loop at /tmp/ebuser/avx2/Julia/1.9.1/GCCcore-9.3.0/julia-1.9.1/src/gc.c:2819
_jl_gc_collect at /tmp/ebuser/avx2/Julia/1.9.1/GCCcore-9.3.0/julia-1.9.1/src/gc.c:3400
ijl_gc_collect at /tmp/ebuser/avx2/Julia/1.9.1/GCCcore-9.3.0/julia-1.9.1/src/gc.c:3707
maybe_collect at /tmp/ebuser/avx2/Julia/1.9.1/GCCcore-9.3.0/julia-1.9.1/src/gc.c:1078 [inlined]
jl_gc_pool_alloc_inner at /tmp/ebuser/avx2/Julia/1.9.1/GCCcore-9.3.0/julia-1.9.1/src/gc.c:1443 [inlined]
jl_gc_pool_alloc_noinline at /tmp/ebuser/avx2/Julia/1.9.1/GCCcore-9.3.0/julia-1.9.1/src/gc.c:1504
ijl_alloc_string at /tmp/ebuser/avx2/Julia/1.9.1/GCCcore-9.3.0/julia-1.9.1/src/array.c:505 [inlined]
ijl_alloc_string at /tmp/ebuser/avx2/Julia/1.9.1/GCCcore-9.3.0/julia-1.9.1/src/array.c:488
ijl_pchar_to_string at /tmp/ebuser/avx2/Julia/1.9.1/GCCcore-9.3.0/julia-1.9.1/src/array.c:521
unsafe_string at ./strings/string.jl:81 [inlined]
deepcopy_internal at ./deepcopy.jl:48
jfptr_deepcopy_internal_54667 at /cvmfs/soft.computecanada.ca/easybuild/software/2020/avx2/Core/julia/1.9.1/lib/julia/sys.so (unknown line)
_jl_invoke at /tmp/ebuser/avx2/Julia/1.9.1/GCCcore-9.3.0/julia-1.9.1/src/gf.c:2758 [inlined]
ijl_apply_generic at /tmp/ebuser/avx2/Julia/1.9.1/GCCcore-9.3.0/julia-1.9.1/src/gf.c:2940
_deepcopy_array_t at ./deepcopy.jl:105
deepcopy_internal at ./deepcopy.jl:92
jfptr_deepcopy_internal_54655 at /cvmfs/soft.computecanada.ca/easybuild/software/2020/avx2/Core/julia/1.9.1/lib/julia/sys.so (unknown line)
_jl_invoke at /tmp/ebuser/avx2/Julia/1.9.1/GCCcore-9.3.0/julia-1.9.1/src/gf.c:2758 [inlined]
ijl_apply_generic at /tmp/ebuser/avx2/Julia/1.9.1/GCCcore-9.3.0/julia-1.9.1/src/gf.c:2940
_deepcopy_array_t at ./deepcopy.jl:105
deepcopy_internal at ./deepcopy.jl:92
unknown function (ip: 0x1522655496a6)
_jl_invoke at /tmp/ebuser/avx2/Julia/1.9.1/GCCcore-9.3.0/julia-1.9.1/src/gf.c:2758 [inlined]
ijl_apply_generic at /tmp/ebuser/avx2/Julia/1.9.1/GCCcore-9.3.0/julia-1.9.1/src/gf.c:2940
deepcopy_internal at ./deepcopy.jl:65
jfptr_deepcopy_internal_54658 at /cvmfs/soft.computecanada.ca/easybuild/software/2020/avx2/Core/julia/1.9.1/lib/julia/sys.so (unknown line)
_jl_invoke at /tmp/ebuser/avx2/Julia/1.9.1/GCCcore-9.3.0/julia-1.9.1/src/gf.c:2758 [inlined]
ijl_apply_generic at /tmp/ebuser/avx2/Julia/1.9.1/GCCcore-9.3.0/julia-1.9.1/src/gf.c:2940
deepcopy at ./deepcopy.jl:26
adults_move at /home/ebeasley/Functions.jl:496
#the_mega_loop#121 at /home/ebeasley/RunTheSim.jl:78
the_mega_loop at /home/ebeasley/RunTheSim.jl:25
unknown function (ip: 0x152265540722)
_jl_invoke at /tmp/ebuser/avx2/Julia/1.9.1/GCCcore-9.3.0/julia-1.9.1/src/gf.c:2758 [inlined]
ijl_apply_generic at /tmp/ebuser/avx2/Julia/1.9.1/GCCcore-9.3.0/julia-1.9.1/src/gf.c:2940
top-level scope at /home/ebeasley/RunTheSim.jl:132
jl_toplevel_eval_flex at /tmp/ebuser/avx2/Julia/1.9.1/GCCcore-9.3.0/julia-1.9.1/src/toplevel.c:903
jl_toplevel_eval_flex at /tmp/ebuser/avx2/Julia/1.9.1/GCCcore-9.3.0/julia-1.9.1/src/toplevel.c:856
ijl_toplevel_eval_in at /tmp/ebuser/avx2/Julia/1.9.1/GCCcore-9.3.0/julia-1.9.1/src/toplevel.c:971
eval at ./boot.jl:370 [inlined]
include_string at ./loading.jl:1899
_jl_invoke at /tmp/ebuser/avx2/Julia/1.9.1/GCCcore-9.3.0/julia-1.9.1/src/gf.c:2758 [inlined]
ijl_apply_generic at /tmp/ebuser/avx2/Julia/1.9.1/GCCcore-9.3.0/julia-1.9.1/src/gf.c:2940
_include at ./loading.jl:1959
include at ./Base.jl:457
jfptr_include_41309 at /cvmfs/soft.computecanada.ca/easybuild/software/2020/avx2/Core/julia/1.9.1/lib/julia/sys.so (unknown line)
_jl_invoke at /tmp/ebuser/avx2/Julia/1.9.1/GCCcore-9.3.0/julia-1.9.1/src/gf.c:2758 [inlined]
ijl_apply_generic at /tmp/ebuser/avx2/Julia/1.9.1/GCCcore-9.3.0/julia-1.9.1/src/gf.c:2940
exec_options at ./client.jl:307
_start at ./client.jl:522
jfptr__start_39437 at /cvmfs/soft.computecanada.ca/easybuild/software/2020/avx2/Core/julia/1.9.1/lib/julia/sys.so (unknown line)
_jl_invoke at /tmp/ebuser/avx2/Julia/1.9.1/GCCcore-9.3.0/julia-1.9.1/src/gf.c:2758 [inlined]
ijl_apply_generic at /tmp/ebuser/avx2/Julia/1.9.1/GCCcore-9.3.0/julia-1.9.1/src/gf.c:2940
jl_apply at /tmp/ebuser/avx2/Julia/1.9.1/GCCcore-9.3.0/julia-1.9.1/src/julia.h:1879 [inlined]
true_main at /tmp/ebuser/avx2/Julia/1.9.1/GCCcore-9.3.0/julia-1.9.1/src/jlapi.c:573
jl_repl_entrypoint at /tmp/ebuser/avx2/Julia/1.9.1/GCCcore-9.3.0/julia-1.9.1/src/jlapi.c:717
main at julia (unknown line)
__libc_start_main at /cvmfs/soft.computecanada.ca/gentoo/2020/lib64/libc.so.6 (unknown line)
_start at julia (unknown line)
Allocations: 13044889691 (Pool: 12623094462; Big: 421795229); GC: 60596
/localscratch/spool/slurmd/job56269750/slurm_script: line 12: 1718245 Segmentation fault      (core dumped) julia --project RunTheSim.jl
