
[991206] signal (11.1): Segmentation fault
in expression starting at /home/ebeasley/RunTheSim.jl:124
gc_mark_loop at /tmp/ebuser/avx512/Julia/1.9.3/GCCcore-12.3-gentoo/julia-1.9.3/src/gc.c:2826
_jl_gc_collect at /tmp/ebuser/avx512/Julia/1.9.3/GCCcore-12.3-gentoo/julia-1.9.3/src/gc.c:3407
ijl_gc_collect at /tmp/ebuser/avx512/Julia/1.9.3/GCCcore-12.3-gentoo/julia-1.9.3/src/gc.c:3713
maybe_collect at /tmp/ebuser/avx512/Julia/1.9.3/GCCcore-12.3-gentoo/julia-1.9.3/src/gc.c:1083 [inlined]
jl_gc_pool_alloc_inner at /tmp/ebuser/avx512/Julia/1.9.3/GCCcore-12.3-gentoo/julia-1.9.3/src/gc.c:1450 [inlined]
jl_gc_pool_alloc_noinline at /tmp/ebuser/avx512/Julia/1.9.3/GCCcore-12.3-gentoo/julia-1.9.3/src/gc.c:1511 [inlined]
jl_gc_alloc_ at /tmp/ebuser/avx512/Julia/1.9.3/GCCcore-12.3-gentoo/julia-1.9.3/src/julia_internal.h:460 [inlined]
jl_gc_alloc at /tmp/ebuser/avx512/Julia/1.9.3/GCCcore-12.3-gentoo/julia-1.9.3/src/gc.c:3760
_new_array_ at /tmp/ebuser/avx512/Julia/1.9.3/GCCcore-12.3-gentoo/julia-1.9.3/src/array.c:134 [inlined]
_new_array at /tmp/ebuser/avx512/Julia/1.9.3/GCCcore-12.3-gentoo/julia-1.9.3/src/array.c:198 [inlined]
ijl_alloc_array_1d at /tmp/ebuser/avx512/Julia/1.9.3/GCCcore-12.3-gentoo/julia-1.9.3/src/array.c:436
Array at ./boot.jl:477 [inlined]
getindex at ./array.jl:400 [inlined]
BasicBlock at ./compiler/ssair/basicblock.jl:25 [inlined]
compute_basic_blocks at ./compiler/ssair/ir.jl:101
inflate_ir! at ./compiler/ssair/legacy.jl:22
inflate_ir! at ./compiler/ssair/legacy.jl:18
retrieve_ir_for_inlining at ./compiler/ssair/inlining.jl:987 [inlined]
#resolve_todo#463 at ./compiler/ssair/inlining.jl:890
resolve_todo at ./compiler/ssair/inlining.jl:840 [inlined]
#analyze_method!#464 at ./compiler/ssair/inlining.jl:982
analyze_method! at ./compiler/ssair/inlining.jl:943 [inlined]
#handle_match!#468 at ./compiler/ssair/inlining.jl:1460
handle_match! at ./compiler/ssair/inlining.jl:1450 [inlined]
#handle_any_const_result!#465 at ./compiler/ssair/inlining.jl:1322
handle_any_const_result! at ./compiler/ssair/inlining.jl:1304 [inlined]
compute_inlining_cases at ./compiler/ssair/inlining.jl:1397
handle_call! at ./compiler/ssair/inlining.jl:1443 [inlined]
assemble_inline_todo! at ./compiler/ssair/inlining.jl:1669
ssa_inlining_pass! at ./compiler/ssair/inlining.jl:79 [inlined]
run_passes at ./compiler/optimize.jl:539
run_passes at ./compiler/optimize.jl:554 [inlined]
optimize at ./compiler/optimize.jl:503 [inlined]
_typeinf at ./compiler/typeinfer.jl:273
typeinf at ./compiler/typeinfer.jl:216
typeinf_ext at ./compiler/typeinfer.jl:1057
typeinf_ext_toplevel at ./compiler/typeinfer.jl:1090
typeinf_ext_toplevel at ./compiler/typeinfer.jl:1086
jfptr_typeinf_ext_toplevel_13415 at /cvmfs/soft.computecanada.ca/easybuild/software/2023/x86-64-v4/Compiler/gcccore/julia/1.9.3/lib/julia/sys.so (unknown line)
jl_apply at /tmp/ebuser/avx512/Julia/1.9.3/GCCcore-12.3-gentoo/julia-1.9.3/src/julia.h:1880 [inlined]
jl_type_infer at /tmp/ebuser/avx512/Julia/1.9.3/GCCcore-12.3-gentoo/julia-1.9.3/src/gf.c:320
jl_generate_fptr_impl at /tmp/ebuser/avx512/Julia/1.9.3/GCCcore-12.3-gentoo/julia-1.9.3/src/jitlayers.cpp:444
jl_compile_method_internal at /tmp/ebuser/avx512/Julia/1.9.3/GCCcore-12.3-gentoo/julia-1.9.3/src/gf.c:2348 [inlined]
jl_compile_method_internal at /tmp/ebuser/avx512/Julia/1.9.3/GCCcore-12.3-gentoo/julia-1.9.3/src/gf.c:2237
_jl_invoke at /tmp/ebuser/avx512/Julia/1.9.3/GCCcore-12.3-gentoo/julia-1.9.3/src/gf.c:2750 [inlined]
ijl_apply_generic at /tmp/ebuser/avx512/Julia/1.9.3/GCCcore-12.3-gentoo/julia-1.9.3/src/gf.c:2940
juvies_leave at /home/ebeasley/Functions.jl:477
#the_mega_loop#121 at /home/ebeasley/RunTheSim.jl:75
the_mega_loop at /home/ebeasley/RunTheSim.jl:25
unknown function (ip: 0x14cd49115842)
top-level scope at /home/ebeasley/RunTheSim.jl:131
jl_toplevel_eval_flex at /tmp/ebuser/avx512/Julia/1.9.3/GCCcore-12.3-gentoo/julia-1.9.3/src/toplevel.c:903
jl_toplevel_eval_flex at /tmp/ebuser/avx512/Julia/1.9.3/GCCcore-12.3-gentoo/julia-1.9.3/src/toplevel.c:856
ijl_toplevel_eval_in at /tmp/ebuser/avx512/Julia/1.9.3/GCCcore-12.3-gentoo/julia-1.9.3/src/toplevel.c:971
eval at ./boot.jl:370 [inlined]
include_string at ./loading.jl:1903
_include at ./loading.jl:1963
include at ./Base.jl:457
jfptr_include_41934 at /cvmfs/soft.computecanada.ca/easybuild/software/2023/x86-64-v4/Compiler/gcccore/julia/1.9.3/lib/julia/sys.so (unknown line)
exec_options at ./client.jl:307
_start at ./client.jl:522
jfptr__start_46479 at /cvmfs/soft.computecanada.ca/easybuild/software/2023/x86-64-v4/Compiler/gcccore/julia/1.9.3/lib/julia/sys.so (unknown line)
jl_apply at /tmp/ebuser/avx512/Julia/1.9.3/GCCcore-12.3-gentoo/julia-1.9.3/src/julia.h:1880 [inlined]
true_main at /tmp/ebuser/avx512/Julia/1.9.3/GCCcore-12.3-gentoo/julia-1.9.3/src/jlapi.c:573
jl_repl_entrypoint at /tmp/ebuser/avx512/Julia/1.9.3/GCCcore-12.3-gentoo/julia-1.9.3/src/jlapi.c:717
main at julia (unknown line)
unknown function (ip: 0x14d0641e9949)
__libc_start_main at /cvmfs/soft.computecanada.ca/gentoo/2023/x86-64-v3/usr/lib64/libc.so.6 (unknown line)
_start at julia (unknown line)
Allocations: 18242812275 (Pool: 17654847426; Big: 587964849); GC: 83788
/localscratch/spool/slurmd/job9510257/slurm_script: line 12: 991206 Segmentation fault      (core dumped) julia --project RunTheSim.jl $SLURM_ARRAY_TASK_ID
