
[2407145] signal (11.1): Segmentation fault
in expression starting at /home/ebeasley/RunTheSim.jl:124
jl_typemap_entry_assoc_exact at /tmp/ebuser/avx512/Julia/1.9.3/GCCcore-12.3-gentoo/julia-1.9.3/src/typemap.c:949
jl_typemap_assoc_exact at /tmp/ebuser/avx512/Julia/1.9.3/GCCcore-12.3-gentoo/julia-1.9.3/src/julia_internal.h:1448 [inlined]
jl_typemap_level_assoc_exact at /tmp/ebuser/avx512/Julia/1.9.3/GCCcore-12.3-gentoo/julia-1.9.3/src/typemap.c:1012
jl_typemap_assoc_exact at /tmp/ebuser/avx512/Julia/1.9.3/GCCcore-12.3-gentoo/julia-1.9.3/src/julia_internal.h:1452 [inlined]
jl_typemap_level_assoc_exact at /tmp/ebuser/avx512/Julia/1.9.3/GCCcore-12.3-gentoo/julia-1.9.3/src/typemap.c:1025
jl_typemap_assoc_exact at /tmp/ebuser/avx512/Julia/1.9.3/GCCcore-12.3-gentoo/julia-1.9.3/src/julia_internal.h:1452 [inlined]
jl_lookup_generic_ at /tmp/ebuser/avx512/Julia/1.9.3/GCCcore-12.3-gentoo/julia-1.9.3/src/gf.c:2880 [inlined]
ijl_apply_generic at /tmp/ebuser/avx512/Julia/1.9.3/GCCcore-12.3-gentoo/julia-1.9.3/src/gf.c:2936
broadcasted at ./broadcast.jl:1319 [inlined]
broadcasted at ./broadcast.jl:1317
unknown function (ip: 0x154d0715e020)
change_state at /home/ebeasley/Functions.jl:310
#the_mega_loop#121 at /home/ebeasley/RunTheSim.jl:92
the_mega_loop at /home/ebeasley/RunTheSim.jl:25
unknown function (ip: 0x154d07142872)
top-level scope at /home/ebeasley/RunTheSim.jl:131
jl_toplevel_eval_flex at /tmp/ebuser/avx512/Julia/1.9.3/GCCcore-12.3-gentoo/julia-1.9.3/src/toplevel.c:903
jl_toplevel_eval_flex at /tmp/ebuser/avx512/Julia/1.9.3/GCCcore-12.3-gentoo/julia-1.9.3/src/toplevel.c:856
ijl_toplevel_eval_in at /tmp/ebuser/avx512/Julia/1.9.3/GCCcore-12.3-gentoo/julia-1.9.3/src/toplevel.c:971
eval at ./boot.jl:370 [inlined]
include_string at ./loading.jl:1903
_include at ./loading.jl:1963
include at ./Base.jl:457
jfptr_include_41934 at /cvmfs/soft.computecanada.ca/easybuild/software/2023/x86-64-v4/Compiler/gcccore/julia/1.9.3/lib/julia/sys.so (unknown line)
exec_options at ./client.jl:307
_start at ./client.jl:522
jfptr__start_46479 at /cvmfs/soft.computecanada.ca/easybuild/software/2023/x86-64-v4/Compiler/gcccore/julia/1.9.3/lib/julia/sys.so (unknown line)
jl_apply at /tmp/ebuser/avx512/Julia/1.9.3/GCCcore-12.3-gentoo/julia-1.9.3/src/julia.h:1880 [inlined]
true_main at /tmp/ebuser/avx512/Julia/1.9.3/GCCcore-12.3-gentoo/julia-1.9.3/src/jlapi.c:573
jl_repl_entrypoint at /tmp/ebuser/avx512/Julia/1.9.3/GCCcore-12.3-gentoo/julia-1.9.3/src/jlapi.c:717
main at julia (unknown line)
unknown function (ip: 0x1550222d7949)
__libc_start_main at /cvmfs/soft.computecanada.ca/gentoo/2023/x86-64-v3/usr/lib64/libc.so.6 (unknown line)
_start at julia (unknown line)
Allocations: 45289742269 (Pool: 43822320952; Big: 1467421317); GC: 209870
/localscratch/spool/slurmd/job9475338/slurm_script: line 12: 2407145 Segmentation fault      (core dumped) julia --project RunTheSim.jl $SLURM_ARRAY_TASK_ID
