ERROR: LoadError: ArgumentError: input string is empty or only contains whitespace
Stacktrace:
  [1] tryparse_internal(#unused#::Type{Int64}, s::String, startpos::Int64, endpos::Int64, base_::Int64, raise::Bool)
    @ Base ./parse.jl:109
  [2] parse(::Type{Int64}, s::String; base::Nothing)
    @ Base ./parse.jl:246
  [3] parse
    @ ./parse.jl:245 [inlined]
  [4] _broadcast_getindex_evalf
    @ ./broadcast.jl:683 [inlined]
  [5] _broadcast_getindex
    @ ./broadcast.jl:666 [inlined]
  [6] getindex
    @ ./broadcast.jl:610 [inlined]
  [7] macro expansion
    @ ./broadcast.jl:974 [inlined]
  [8] macro expansion
    @ ./simdloop.jl:77 [inlined]
  [9] copyto!
    @ ./broadcast.jl:973 [inlined]
 [10] copyto!
    @ ./broadcast.jl:926 [inlined]
 [11] copy
    @ ./broadcast.jl:898 [inlined]
 [12] materialize(bc::Base.Broadcast.Broadcasted{Base.Broadcast.DefaultArrayStyle{1}, Nothing, typeof(parse), Tuple{Base.RefValue{Type{Int64}}, Vector{String}}})
    @ Base.Broadcast ./broadcast.jl:873
 [13] immigration(; dat::DataFrame, home::DataFrame, land_size::Int64, immigration_rate::Float64, sero_rate::Int64, disease_rate::Float64, type::String, year::Int64)
    @ Main ~/Functions.jl:576
 [14] immigration
    @ ~/Functions.jl:566 [inlined]
 [15] the_mega_loop(; years::Int64, time_steps::Int64, seros::Float64, rep::Int64, immigration_type::String7, immigration_disease::Float64, immigration_rate::Float64, outputs::DataFrame)
    @ Main ~/RunTheSim.jl:67
 [16] top-level scope
    @ ~/RunTheSim.jl:131
in expression starting at /home/ebeasley/RunTheSim.jl:124
