
[1723809] signal (11.1): Segmentation fault
in expression starting at /home/ebeasley/RunTheSim.jl:124
jl_f_isdefined at /tmp/ebuser/avx512/Julia/1.9.3/GCCcore-12.3-gentoo/julia-1.9.3/src/builtins.c:1140
isdefined_globalref at ./compiler/abstractinterpretation.jl:2424 [inlined]
abstract_eval_globalref at ./compiler/abstractinterpretation.jl:2428
is_throw_call at ./compiler/utilities.jl:402 [inlined]
find_throw_blocks at ./compiler/utilities.jl:430
mark_throw_blocks! at ./compiler/utilities.jl:412
InferenceState at ./compiler/inferencestate.jl:196
InferenceState at ./compiler/inferencestate.jl:357
typeinf_ext at ./compiler/typeinfer.jl:1055
typeinf_ext_toplevel at ./compiler/typeinfer.jl:1090
typeinf_ext_toplevel at ./compiler/typeinfer.jl:1086
jfptr_typeinf_ext_toplevel_13415 at /cvmfs/soft.computecanada.ca/easybuild/software/2023/x86-64-v4/Compiler/gcccore/julia/1.9.3/lib/julia/sys.so (unknown line)
jl_apply at /tmp/ebuser/avx512/Julia/1.9.3/GCCcore-12.3-gentoo/julia-1.9.3/src/julia.h:1880 [inlined]
jl_type_infer at /tmp/ebuser/avx512/Julia/1.9.3/GCCcore-12.3-gentoo/julia-1.9.3/src/gf.c:320
jl_generate_fptr_impl at /tmp/ebuser/avx512/Julia/1.9.3/GCCcore-12.3-gentoo/julia-1.9.3/src/jitlayers.cpp:444
jl_compile_method_internal at /tmp/ebuser/avx512/Julia/1.9.3/GCCcore-12.3-gentoo/julia-1.9.3/src/gf.c:2348 [inlined]
jl_compile_method_internal at /tmp/ebuser/avx512/Julia/1.9.3/GCCcore-12.3-gentoo/julia-1.9.3/src/gf.c:2237
_jl_invoke at /tmp/ebuser/avx512/Julia/1.9.3/GCCcore-12.3-gentoo/julia-1.9.3/src/gf.c:2750 [inlined]
ijl_apply_generic at /tmp/ebuser/avx512/Julia/1.9.3/GCCcore-12.3-gentoo/julia-1.9.3/src/gf.c:2940
top-level scope at /home/ebeasley/RunTheSim.jl:139
jl_toplevel_eval_flex at /tmp/ebuser/avx512/Julia/1.9.3/GCCcore-12.3-gentoo/julia-1.9.3/src/toplevel.c:903
jl_toplevel_eval_flex at /tmp/ebuser/avx512/Julia/1.9.3/GCCcore-12.3-gentoo/julia-1.9.3/src/toplevel.c:856
ijl_toplevel_eval_in at /tmp/ebuser/avx512/Julia/1.9.3/GCCcore-12.3-gentoo/julia-1.9.3/src/toplevel.c:971
eval at ./boot.jl:370 [inlined]
include_string at ./loading.jl:1903
_include at ./loading.jl:1963
include at ./Base.jl:457
jfptr_include_41934 at /cvmfs/soft.computecanada.ca/easybuild/software/2023/x86-64-v4/Compiler/gcccore/julia/1.9.3/lib/julia/sys.so (unknown line)
exec_options at ./client.jl:307
_start at ./client.jl:522
jfptr__start_46479 at /cvmfs/soft.computecanada.ca/easybuild/software/2023/x86-64-v4/Compiler/gcccore/julia/1.9.3/lib/julia/sys.so (unknown line)
jl_apply at /tmp/ebuser/avx512/Julia/1.9.3/GCCcore-12.3-gentoo/julia-1.9.3/src/julia.h:1880 [inlined]
true_main at /tmp/ebuser/avx512/Julia/1.9.3/GCCcore-12.3-gentoo/julia-1.9.3/src/jlapi.c:573
jl_repl_entrypoint at /tmp/ebuser/avx512/Julia/1.9.3/GCCcore-12.3-gentoo/julia-1.9.3/src/jlapi.c:717
main at julia (unknown line)
unknown function (ip: 0x14f0ec66f949)
__libc_start_main at /cvmfs/soft.computecanada.ca/gentoo/2023/x86-64-v3/usr/lib64/libc.so.6 (unknown line)
_start at julia (unknown line)
Allocations: 31125545914 (Pool: 30116432818; Big: 1009113096); GC: 142737
/localscratch/spool/slurmd/job9549015/slurm_script: line 12: 1723809 Segmentation fault      (core dumped) julia --project RunTheSim.jl $SLURM_ARRAY_TASK_ID
