
[694262] signal (11.1): Segmentation fault
in expression starting at /home/ebeasley/RunTheSim.jl:124
gc_mark_loop at /tmp/ebuser/avx512/Julia/1.9.3/GCCcore-12.3-gentoo/julia-1.9.3/src/gc.c:2826
_jl_gc_collect at /tmp/ebuser/avx512/Julia/1.9.3/GCCcore-12.3-gentoo/julia-1.9.3/src/gc.c:3407
ijl_gc_collect at /tmp/ebuser/avx512/Julia/1.9.3/GCCcore-12.3-gentoo/julia-1.9.3/src/gc.c:3713
maybe_collect at /tmp/ebuser/avx512/Julia/1.9.3/GCCcore-12.3-gentoo/julia-1.9.3/src/gc.c:1083 [inlined]
jl_gc_pool_alloc_inner at /tmp/ebuser/avx512/Julia/1.9.3/GCCcore-12.3-gentoo/julia-1.9.3/src/gc.c:1450 [inlined]
ijl_gc_pool_alloc at /tmp/ebuser/avx512/Julia/1.9.3/GCCcore-12.3-gentoo/julia-1.9.3/src/gc.c:1501
ReturnNode at ./boot.jl:407 [inlined]
_useref_setindex! at ./compiler/ssair/ir.jl:486
setindex! at ./compiler/ssair/ir.jl:511 [inlined]
renumber_ssa2! at ./compiler/ssair/ir.jl:1148
process_node! at ./compiler/ssair/ir.jl:1328
iterate_compact at ./compiler/ssair/ir.jl:1593
iterate at ./compiler/ssair/ir.jl:1516 [inlined]
compact! at ./compiler/ssair/ir.jl:1782
compact! at ./compiler/ssair/ir.jl:1780 [inlined]
run_passes at ./compiler/optimize.jl:539
run_passes at ./compiler/optimize.jl:554 [inlined]
optimize at ./compiler/optimize.jl:503 [inlined]
_typeinf at ./compiler/typeinfer.jl:273
typeinf at ./compiler/typeinfer.jl:216
abstract_call_method_with_const_args at ./compiler/abstractinterpretation.jl:1008
abstract_call_method_with_const_args at ./compiler/abstractinterpretation.jl:954
abstract_call_gf_by_type at ./compiler/abstractinterpretation.jl:160
abstract_call_known at ./compiler/abstractinterpretation.jl:1949
abstract_call at ./compiler/abstractinterpretation.jl:2020
abstract_call at ./compiler/abstractinterpretation.jl:1999
abstract_eval_statement_expr at ./compiler/abstractinterpretation.jl:2183
abstract_eval_statement at ./compiler/abstractinterpretation.jl:2396
abstract_eval_basic_statement at ./compiler/abstractinterpretation.jl:2682
typeinf_local at ./compiler/abstractinterpretation.jl:2867
typeinf_nocycle at ./compiler/abstractinterpretation.jl:2955
_typeinf at ./compiler/typeinfer.jl:246
typeinf at ./compiler/typeinfer.jl:216
abstract_call_method_with_const_args at ./compiler/abstractinterpretation.jl:1008
abstract_call_method_with_const_args at ./compiler/abstractinterpretation.jl:954
abstract_call_gf_by_type at ./compiler/abstractinterpretation.jl:160
abstract_call_known at ./compiler/abstractinterpretation.jl:1949
abstract_call at ./compiler/abstractinterpretation.jl:2020
abstract_call at ./compiler/abstractinterpretation.jl:1999
abstract_eval_statement_expr at ./compiler/abstractinterpretation.jl:2183
abstract_eval_statement at ./compiler/abstractinterpretation.jl:2396
abstract_eval_basic_statement at ./compiler/abstractinterpretation.jl:2658
typeinf_local at ./compiler/abstractinterpretation.jl:2867
typeinf_nocycle at ./compiler/abstractinterpretation.jl:2955
_typeinf at ./compiler/typeinfer.jl:246
typeinf at ./compiler/typeinfer.jl:216
abstract_call_method_with_const_args at ./compiler/abstractinterpretation.jl:1008
abstract_call_method_with_const_args at ./compiler/abstractinterpretation.jl:954
abstract_call_gf_by_type at ./compiler/abstractinterpretation.jl:160
abstract_call_known at ./compiler/abstractinterpretation.jl:1949
abstract_call at ./compiler/abstractinterpretation.jl:2020
abstract_call at ./compiler/abstractinterpretation.jl:1999
abstract_eval_statement_expr at ./compiler/abstractinterpretation.jl:2183
abstract_eval_statement at ./compiler/abstractinterpretation.jl:2396
abstract_eval_basic_statement at ./compiler/abstractinterpretation.jl:2658
typeinf_local at ./compiler/abstractinterpretation.jl:2867
typeinf_nocycle at ./compiler/abstractinterpretation.jl:2955
_typeinf at ./compiler/typeinfer.jl:246
typeinf at ./compiler/typeinfer.jl:216
abstract_call_method_with_const_args at ./compiler/abstractinterpretation.jl:1008
abstract_call_method_with_const_args at ./compiler/abstractinterpretation.jl:954
abstract_call_gf_by_type at ./compiler/abstractinterpretation.jl:160
abstract_call_known at ./compiler/abstractinterpretation.jl:1949
abstract_call at ./compiler/abstractinterpretation.jl:2020
abstract_call at ./compiler/abstractinterpretation.jl:1999
abstract_eval_statement_expr at ./compiler/abstractinterpretation.jl:2183
abstract_eval_statement at ./compiler/abstractinterpretation.jl:2396
abstract_eval_basic_statement at ./compiler/abstractinterpretation.jl:2682
typeinf_local at ./compiler/abstractinterpretation.jl:2867
typeinf_nocycle at ./compiler/abstractinterpretation.jl:2955
_typeinf at ./compiler/typeinfer.jl:246
typeinf at ./compiler/typeinfer.jl:216
typeinf_edge at ./compiler/typeinfer.jl:932
abstract_call_method at ./compiler/abstractinterpretation.jl:611
abstract_call_gf_by_type at ./compiler/abstractinterpretation.jl:152
abstract_call_known at ./compiler/abstractinterpretation.jl:1949
abstract_call at ./compiler/abstractinterpretation.jl:2020
abstract_call at ./compiler/abstractinterpretation.jl:1999
abstract_eval_statement_expr at ./compiler/abstractinterpretation.jl:2183
abstract_eval_statement at ./compiler/abstractinterpretation.jl:2396
abstract_eval_basic_statement at ./compiler/abstractinterpretation.jl:2682
typeinf_local at ./compiler/abstractinterpretation.jl:2867
typeinf_nocycle at ./compiler/abstractinterpretation.jl:2955
_typeinf at ./compiler/typeinfer.jl:246
typeinf at ./compiler/typeinfer.jl:216
typeinf_edge at ./compiler/typeinfer.jl:932
abstract_call_method at ./compiler/abstractinterpretation.jl:611
abstract_call_gf_by_type at ./compiler/abstractinterpretation.jl:152
abstract_call_known at ./compiler/abstractinterpretation.jl:1949
abstract_call at ./compiler/abstractinterpretation.jl:2020
abstract_call at ./compiler/abstractinterpretation.jl:1999
abstract_eval_statement_expr at ./compiler/abstractinterpretation.jl:2183
abstract_eval_statement at ./compiler/abstractinterpretation.jl:2396
abstract_eval_basic_statement at ./compiler/abstractinterpretation.jl:2682
typeinf_local at ./compiler/abstractinterpretation.jl:2867
typeinf_nocycle at ./compiler/abstractinterpretation.jl:2955
_typeinf at ./compiler/typeinfer.jl:246
typeinf at ./compiler/typeinfer.jl:216
typeinf_edge at ./compiler/typeinfer.jl:932
abstract_call_method at ./compiler/abstractinterpretation.jl:611
abstract_call_gf_by_type at ./compiler/abstractinterpretation.jl:152
abstract_call_known at ./compiler/abstractinterpretation.jl:1949
abstract_call at ./compiler/abstractinterpretation.jl:2020
abstract_call at ./compiler/abstractinterpretation.jl:1999
abstract_eval_statement_expr at ./compiler/abstractinterpretation.jl:2183
abstract_eval_statement at ./compiler/abstractinterpretation.jl:2396
abstract_eval_basic_statement at ./compiler/abstractinterpretation.jl:2682
typeinf_local at ./compiler/abstractinterpretation.jl:2867
typeinf_nocycle at ./compiler/abstractinterpretation.jl:2955
_typeinf at ./compiler/typeinfer.jl:246
typeinf at ./compiler/typeinfer.jl:216
typeinf_edge at ./compiler/typeinfer.jl:932
abstract_call_method at ./compiler/abstractinterpretation.jl:611
abstract_call_gf_by_type at ./compiler/abstractinterpretation.jl:152
abstract_call_known at ./compiler/abstractinterpretation.jl:1949
abstract_call at ./compiler/abstractinterpretation.jl:2020
abstract_call at ./compiler/abstractinterpretation.jl:1999
abstract_eval_statement_expr at ./compiler/abstractinterpretation.jl:2183
abstract_eval_statement at ./compiler/abstractinterpretation.jl:2396
abstract_eval_basic_statement at ./compiler/abstractinterpretation.jl:2682
typeinf_local at ./compiler/abstractinterpretation.jl:2867
typeinf_nocycle at ./compiler/abstractinterpretation.jl:2955
_typeinf at ./compiler/typeinfer.jl:246
typeinf at ./compiler/typeinfer.jl:216
typeinf_ext at ./compiler/typeinfer.jl:1057
typeinf_ext_toplevel at ./compiler/typeinfer.jl:1090
typeinf_ext_toplevel at ./compiler/typeinfer.jl:1086
jfptr_typeinf_ext_toplevel_13415 at /cvmfs/soft.computecanada.ca/easybuild/software/2023/x86-64-v4/Compiler/gcccore/julia/1.9.3/lib/julia/sys.so (unknown line)
jl_apply at /tmp/ebuser/avx512/Julia/1.9.3/GCCcore-12.3-gentoo/julia-1.9.3/src/julia.h:1880 [inlined]
jl_type_infer at /tmp/ebuser/avx512/Julia/1.9.3/GCCcore-12.3-gentoo/julia-1.9.3/src/gf.c:320
jl_generate_fptr_impl at /tmp/ebuser/avx512/Julia/1.9.3/GCCcore-12.3-gentoo/julia-1.9.3/src/jitlayers.cpp:444
jl_compile_method_internal at /tmp/ebuser/avx512/Julia/1.9.3/GCCcore-12.3-gentoo/julia-1.9.3/src/gf.c:2348 [inlined]
jl_compile_method_internal at /tmp/ebuser/avx512/Julia/1.9.3/GCCcore-12.3-gentoo/julia-1.9.3/src/gf.c:2237
_jl_invoke at /tmp/ebuser/avx512/Julia/1.9.3/GCCcore-12.3-gentoo/julia-1.9.3/src/gf.c:2750 [inlined]
ijl_apply_generic at /tmp/ebuser/avx512/Julia/1.9.3/GCCcore-12.3-gentoo/julia-1.9.3/src/gf.c:2940
juvies_leave at /home/ebeasley/Functions.jl:483
#the_mega_loop#121 at /home/ebeasley/RunTheSim.jl:75
the_mega_loop at /home/ebeasley/RunTheSim.jl:25
unknown function (ip: 0x14c6a4344722)
top-level scope at /home/ebeasley/RunTheSim.jl:131
jl_toplevel_eval_flex at /tmp/ebuser/avx512/Julia/1.9.3/GCCcore-12.3-gentoo/julia-1.9.3/src/toplevel.c:903
jl_toplevel_eval_flex at /tmp/ebuser/avx512/Julia/1.9.3/GCCcore-12.3-gentoo/julia-1.9.3/src/toplevel.c:856
ijl_toplevel_eval_in at /tmp/ebuser/avx512/Julia/1.9.3/GCCcore-12.3-gentoo/julia-1.9.3/src/toplevel.c:971
eval at ./boot.jl:370 [inlined]
include_string at ./loading.jl:1903
_include at ./loading.jl:1963
include at ./Base.jl:457
jfptr_include_41934 at /cvmfs/soft.computecanada.ca/easybuild/software/2023/x86-64-v4/Compiler/gcccore/julia/1.9.3/lib/julia/sys.so (unknown line)
exec_options at ./client.jl:307
_start at ./client.jl:522
jfptr__start_46479 at /cvmfs/soft.computecanada.ca/easybuild/software/2023/x86-64-v4/Compiler/gcccore/julia/1.9.3/lib/julia/sys.so (unknown line)
jl_apply at /tmp/ebuser/avx512/Julia/1.9.3/GCCcore-12.3-gentoo/julia-1.9.3/src/julia.h:1880 [inlined]
true_main at /tmp/ebuser/avx512/Julia/1.9.3/GCCcore-12.3-gentoo/julia-1.9.3/src/jlapi.c:573
jl_repl_entrypoint at /tmp/ebuser/avx512/Julia/1.9.3/GCCcore-12.3-gentoo/julia-1.9.3/src/jlapi.c:717
main at julia (unknown line)
unknown function (ip: 0x14c9bf505949)
__libc_start_main at /cvmfs/soft.computecanada.ca/gentoo/2023/x86-64-v3/usr/lib64/libc.so.6 (unknown line)
_start at julia (unknown line)
Allocations: 1528355912 (Pool: 1478208210; Big: 50147702); GC: 7047
/localscratch/spool/slurmd/job9562257/slurm_script: line 12: 694262 Segmentation fault      (core dumped) julia --project RunTheSim.jl $SLURM_ARRAY_TASK_ID
