ERROR: LoadError: UndefRefError: access to undefined reference
Stacktrace:
  [1] getindex
    @ ./essentials.jl:13 [inlined]
  [2] _issorted(v::Vector{Tuple{Int64, Symbol}}, lo::Int64, hi::Int64, o::Base.Order.ForwardOrdering)
    @ Base.Sort ./sort.jl:1174
  [3] _sort!
    @ ./sort.jl:1087 [inlined]
  [4] _sort!
    @ ./sort.jl:693 [inlined]
  [5] _sort!
    @ ./sort.jl:644 [inlined]
  [6] _sort!(v::Vector{Tuple{Int64, Symbol}}, a::Base.Sort.Small{10, Base.Sort.InsertionSortAlg, Base.Sort.IEEEFloatOptimization{Base.Sort.IsUIntMappable{Base.Sort.Small{40, Base.Sort.InsertionSortAlg, Base.Sort.CheckSorted{Base.Sort.ComputeExtrema{Base.Sort.ConsiderCountingSort{Base.Sort.CountingSort, Base.Sort.ConsiderRadixSort{Base.Sort.RadixSort, Base.Sort.Small{80, Base.Sort.InsertionSortAlg, Base.Sort.ScratchQuickSort{Missing, Missing, Base.Sort.InsertionSortAlg}}}}}}}, Base.Sort.StableCheckSorted{Base.Sort.ScratchQuickSort{Missing, Missing, Base.Sort.InsertionSortAlg}}}}}, o::Base.Order.ForwardOrdering, kw::NamedTuple{(:scratch, :lo, :hi), Tuple{Nothing, Int64, Int64}})
    @ Base.Sort ./sort.jl:715
  [7] _sort!
    @ ./sort.jl:660 [inlined]
  [8] _sort!
    @ ./sort.jl:596 [inlined]
  [9] #sort!#28
    @ ./sort.jl:1374 [inlined]
 [10] sort!
    @ ./sort.jl:1367 [inlined]
 [11] fuzzymatch(l::Dict{Symbol, Int64}, idx::Symbol)
    @ DataFrames ~/.julia/packages/DataFrames/C5AEe/src/other/index.jl:326
 [12] lookupname
    @ ~/.julia/packages/DataFrames/C5AEe/src/other/index.jl:425 [inlined]
 [13] getindex
    @ ~/.julia/packages/DataFrames/C5AEe/src/other/index.jl:440 [inlined]
 [14] parentcols
    @ ~/.julia/packages/DataFrames/C5AEe/src/other/index.jl:490 [inlined]
 [15] getindex
    @ ~/.julia/packages/DataFrames/C5AEe/src/dataframerow/dataframerow.jl:212 [inlined]
 [16] getcolumn(dfr::DataFrameRow{DataFrame, DataFrames.Index}, nm::Symbol)
    @ DataFrames ~/.julia/packages/DataFrames/C5AEe/src/other/tables.jl:31
 [17] getcolumn
    @ ~/.julia/packages/Tables/cRTb7/src/Tables.jl:103 [inlined]
 [18] eachcolumn
    @ ~/.julia/packages/Tables/cRTb7/src/utils.jl:70 [inlined]
 [19] writerow(buf::Vector{UInt8}, pos::Base.RefValue{Int64}, len::Int64, io::IOStream, sch::Tables.Schema{(:rep, :year, :week, :sero, :disease, :rate, :type, :total_pop, :n_infected, :n_symptomatic, :actual_sero, :elim), NTuple{12, Any}}, row::DataFrameRow{DataFrame, DataFrames.Index}, cols::Int64, opts::CSV.Options{UInt8, UInt8, Nothing, Tuple{}, typeof(CSV._identity)})
    @ CSV ~/.julia/packages/CSV/LiiJM/src/write.jl:364
 [20] (::CSV.var"#107#108"{Bool, Bool, Tables.Schema{(:rep, :year, :week, :sero, :disease, :rate, :type, :total_pop, :n_infected, :n_symptomatic, :actual_sero, :elim), NTuple{12, Any}}, DataFrames.DataFrameRows{DataFrame}, CSV.Options{UInt8, UInt8, Nothing, Tuple{}, typeof(CSV._identity)}, Vector{UInt8}, Int64, Int64, NTuple{12, Symbol}})(io::IOStream)
    @ CSV ~/.julia/packages/CSV/LiiJM/src/write.jl:225
 [21] with(f::CSV.var"#107#108"{Bool, Bool, Tables.Schema{(:rep, :year, :week, :sero, :disease, :rate, :type, :total_pop, :n_infected, :n_symptomatic, :actual_sero, :elim), NTuple{12, Any}}, DataFrames.DataFrameRows{DataFrame}, CSV.Options{UInt8, UInt8, Nothing, Tuple{}, typeof(CSV._identity)}, Vector{UInt8}, Int64, Int64, NTuple{12, Symbol}}, io::Any, append::Bool, compress::Bool)
    @ CSV ~/.julia/packages/CSV/LiiJM/src/write.jl:299
 [22] #write#106
    @ ~/.julia/packages/CSV/LiiJM/src/write.jl:215 [inlined]
 [23] write(file::String, itr::DataFrame; append::Bool, compress::Bool, writeheader::Nothing, partition::Bool, kw::Base.Pairs{Symbol, Union{}, Tuple{}, NamedTuple{(), Tuple{}}})
    @ CSV ~/.julia/packages/CSV/LiiJM/src/write.jl:199
 [24] write(file::String, itr::DataFrame)
    @ CSV ~/.julia/packages/CSV/LiiJM/src/write.jl:162
 [25] top-level scope
    @ ~/RunTheSim.jl:139
in expression starting at /home/ebeasley/RunTheSim.jl:124
