
Due to MODULEPATH changes, the following have been reloaded:
  1) mii/1.1.2

The following have been reloaded with a version change:
  1) StdEnv/2023 => StdEnv/2020
  2) blis/0.9.0 => blis/0.8.1
  3) flexiblas/3.3.1 => flexiblas/3.0.4
  4) gcccore/.12.3 => gcccore/.9.3.0
  5) gentoo/2023 => gentoo/2020
  6) libfabric/1.18.0 => libfabric/1.10.1
  7) openmpi/4.1.5 => openmpi/4.0.3
  8) ucx/1.14.1 => ucx/1.8.0


[3258979] signal (11.1): Segmentation fault
in expression starting at /home/ebeasley/RunTheSim.jl:131
ijl_subtype_env at /tmp/ebuser/avx2/Julia/1.9.1/GCCcore-9.3.0/julia-1.9.1/src/subtype.c:1911
ijl_isa at /tmp/ebuser/avx2/Julia/1.9.1/GCCcore-9.3.0/julia-1.9.1/src/subtype.c:2168
jl_tuple1_isa at /tmp/ebuser/avx2/Julia/1.9.1/GCCcore-9.3.0/julia-1.9.1/src/subtype.c:2073
jl_typemap_entry_assoc_exact at /tmp/ebuser/avx2/Julia/1.9.1/GCCcore-9.3.0/julia-1.9.1/src/typemap.c:974
jl_typemap_assoc_exact at /tmp/ebuser/avx2/Julia/1.9.1/GCCcore-9.3.0/julia-1.9.1/src/julia_internal.h:1447 [inlined]
jl_lookup_generic_ at /tmp/ebuser/avx2/Julia/1.9.1/GCCcore-9.3.0/julia-1.9.1/src/gf.c:2880 [inlined]
ijl_apply_generic at /tmp/ebuser/avx2/Julia/1.9.1/GCCcore-9.3.0/julia-1.9.1/src/gf.c:2936
widen_all_consts! at ./compiler/typeinfer.jl:596
ir_to_codeinf! at ./compiler/optimize.jl:182 [inlined]
transform_result_for_cache at ./compiler/typeinfer.jl:373 [inlined]
cache_result! at ./compiler/typeinfer.jl:404
_typeinf at ./compiler/typeinfer.jl:293
typeinf at ./compiler/typeinfer.jl:216
typeinf_ext at ./compiler/typeinfer.jl:1058
typeinf_ext_toplevel at ./compiler/typeinfer.jl:1091
typeinf_ext_toplevel at ./compiler/typeinfer.jl:1087
jfptr_typeinf_ext_toplevel_19688 at /cvmfs/soft.computecanada.ca/easybuild/software/2020/avx2/Core/julia/1.9.1/lib/julia/sys.so (unknown line)
_jl_invoke at /tmp/ebuser/avx2/Julia/1.9.1/GCCcore-9.3.0/julia-1.9.1/src/gf.c:2758 [inlined]
ijl_apply_generic at /tmp/ebuser/avx2/Julia/1.9.1/GCCcore-9.3.0/julia-1.9.1/src/gf.c:2940
jl_apply at /tmp/ebuser/avx2/Julia/1.9.1/GCCcore-9.3.0/julia-1.9.1/src/julia.h:1879 [inlined]
jl_type_infer at /tmp/ebuser/avx2/Julia/1.9.1/GCCcore-9.3.0/julia-1.9.1/src/gf.c:320
jl_generate_fptr_impl at /tmp/ebuser/avx2/Julia/1.9.1/GCCcore-9.3.0/julia-1.9.1/src/jitlayers.cpp:444
jl_compile_method_internal at /tmp/ebuser/avx2/Julia/1.9.1/GCCcore-9.3.0/julia-1.9.1/src/gf.c:2348 [inlined]
jl_compile_method_internal at /tmp/ebuser/avx2/Julia/1.9.1/GCCcore-9.3.0/julia-1.9.1/src/gf.c:2237
_jl_invoke at /tmp/ebuser/avx2/Julia/1.9.1/GCCcore-9.3.0/julia-1.9.1/src/gf.c:2750 [inlined]
ijl_apply_generic at /tmp/ebuser/avx2/Julia/1.9.1/GCCcore-9.3.0/julia-1.9.1/src/gf.c:2940
juvies_leave at /home/ebeasley/Functions.jl:477
#the_mega_loop#121 at /home/ebeasley/RunTheSim.jl:75
the_mega_loop at /home/ebeasley/RunTheSim.jl:25
unknown function (ip: 0x14a6c9721752)
_jl_invoke at /tmp/ebuser/avx2/Julia/1.9.1/GCCcore-9.3.0/julia-1.9.1/src/gf.c:2758 [inlined]
ijl_apply_generic at /tmp/ebuser/avx2/Julia/1.9.1/GCCcore-9.3.0/julia-1.9.1/src/gf.c:2940
top-level scope at /home/ebeasley/RunTheSim.jl:132
jl_toplevel_eval_flex at /tmp/ebuser/avx2/Julia/1.9.1/GCCcore-9.3.0/julia-1.9.1/src/toplevel.c:903
jl_toplevel_eval_flex at /tmp/ebuser/avx2/Julia/1.9.1/GCCcore-9.3.0/julia-1.9.1/src/toplevel.c:856
ijl_toplevel_eval_in at /tmp/ebuser/avx2/Julia/1.9.1/GCCcore-9.3.0/julia-1.9.1/src/toplevel.c:971
eval at ./boot.jl:370 [inlined]
include_string at ./loading.jl:1899
_jl_invoke at /tmp/ebuser/avx2/Julia/1.9.1/GCCcore-9.3.0/julia-1.9.1/src/gf.c:2758 [inlined]
ijl_apply_generic at /tmp/ebuser/avx2/Julia/1.9.1/GCCcore-9.3.0/julia-1.9.1/src/gf.c:2940
_include at ./loading.jl:1959
include at ./Base.jl:457
jfptr_include_41309 at /cvmfs/soft.computecanada.ca/easybuild/software/2020/avx2/Core/julia/1.9.1/lib/julia/sys.so (unknown line)
_jl_invoke at /tmp/ebuser/avx2/Julia/1.9.1/GCCcore-9.3.0/julia-1.9.1/src/gf.c:2758 [inlined]
ijl_apply_generic at /tmp/ebuser/avx2/Julia/1.9.1/GCCcore-9.3.0/julia-1.9.1/src/gf.c:2940
exec_options at ./client.jl:307
_start at ./client.jl:522
jfptr__start_39437 at /cvmfs/soft.computecanada.ca/easybuild/software/2020/avx2/Core/julia/1.9.1/lib/julia/sys.so (unknown line)
_jl_invoke at /tmp/ebuser/avx2/Julia/1.9.1/GCCcore-9.3.0/julia-1.9.1/src/gf.c:2758 [inlined]
ijl_apply_generic at /tmp/ebuser/avx2/Julia/1.9.1/GCCcore-9.3.0/julia-1.9.1/src/gf.c:2940
jl_apply at /tmp/ebuser/avx2/Julia/1.9.1/GCCcore-9.3.0/julia-1.9.1/src/julia.h:1879 [inlined]
true_main at /tmp/ebuser/avx2/Julia/1.9.1/GCCcore-9.3.0/julia-1.9.1/src/jlapi.c:573
jl_repl_entrypoint at /tmp/ebuser/avx2/Julia/1.9.1/GCCcore-9.3.0/julia-1.9.1/src/jlapi.c:717
main at julia (unknown line)
__libc_start_main at /cvmfs/soft.computecanada.ca/gentoo/2020/lib64/libc.so.6 (unknown line)
_start at julia (unknown line)
Allocations: 19112862141 (Pool: 18487176132; Big: 625686009); GC: 89686
/localscratch/spool/slurmd/job56270383/slurm_script: line 12: 3258979 Segmentation fault      (core dumped) julia --project RunTheSim.jl
