Internal error: encountered unexpected error in runtime:
TypeError(func=:typeassert, context="", expected=Union{Nothing, Core.CodeInstance}, got=<?#0x15343bc0a000::(nil)>)
ijl_type_error_rt at /tmp/ebuser/avx512/Julia/1.9.3/GCCcore-12.3-gentoo/julia-1.9.3/src/rtutils.c:119
ijl_type_error at /tmp/ebuser/avx512/Julia/1.9.3/GCCcore-12.3-gentoo/julia-1.9.3/src/rtutils.c:127
get at ./compiler/cicache.jl:56 [inlined]
typeinf_edge at ./compiler/typeinfer.jl:878
abstract_call_method at ./compiler/abstractinterpretation.jl:611
abstract_call_gf_by_type at ./compiler/abstractinterpretation.jl:152
abstract_call_known at ./compiler/abstractinterpretation.jl:1949
abstract_call at ./compiler/abstractinterpretation.jl:2020
abstract_call at ./compiler/abstractinterpretation.jl:1999
abstract_eval_statement_expr at ./compiler/abstractinterpretation.jl:2183
abstract_eval_statement at ./compiler/abstractinterpretation.jl:2396
abstract_eval_basic_statement at ./compiler/abstractinterpretation.jl:2658
typeinf_local at ./compiler/abstractinterpretation.jl:2867
typeinf_nocycle at ./compiler/abstractinterpretation.jl:2955
_typeinf at ./compiler/typeinfer.jl:246
typeinf at ./compiler/typeinfer.jl:216
typeinf_edge at ./compiler/typeinfer.jl:932
abstract_call_method at ./compiler/abstractinterpretation.jl:611
abstract_call_gf_by_type at ./compiler/abstractinterpretation.jl:152
abstract_call_known at ./compiler/abstractinterpretation.jl:1949
abstract_call at ./compiler/abstractinterpretation.jl:2020
abstract_apply at ./compiler/abstractinterpretation.jl:1566
abstract_call_known at ./compiler/abstractinterpretation.jl:1855
abstract_call at ./compiler/abstractinterpretation.jl:2020
abstract_call at ./compiler/abstractinterpretation.jl:1999
abstract_eval_statement_expr at ./compiler/abstractinterpretation.jl:2183
abstract_eval_statement at ./compiler/abstractinterpretation.jl:2396
abstract_eval_basic_statement at ./compiler/abstractinterpretation.jl:2682
typeinf_local at ./compiler/abstractinterpretation.jl:2867
typeinf_nocycle at ./compiler/abstractinterpretation.jl:2955
_typeinf at ./compiler/typeinfer.jl:246
typeinf at ./compiler/typeinfer.jl:216
typeinf_ext at ./compiler/typeinfer.jl:1057
typeinf_ext_toplevel at ./compiler/typeinfer.jl:1090
typeinf_ext_toplevel at ./compiler/typeinfer.jl:1086
jfptr_typeinf_ext_toplevel_13415 at /cvmfs/soft.computecanada.ca/easybuild/software/2023/x86-64-v4/Compiler/gcccore/julia/1.9.3/lib/julia/sys.so (unknown line)
jl_apply at /tmp/ebuser/avx512/Julia/1.9.3/GCCcore-12.3-gentoo/julia-1.9.3/src/julia.h:1880 [inlined]
jl_type_infer at /tmp/ebuser/avx512/Julia/1.9.3/GCCcore-12.3-gentoo/julia-1.9.3/src/gf.c:320
jl_generate_fptr_impl at /tmp/ebuser/avx512/Julia/1.9.3/GCCcore-12.3-gentoo/julia-1.9.3/src/jitlayers.cpp:444
jl_compile_method_internal at /tmp/ebuser/avx512/Julia/1.9.3/GCCcore-12.3-gentoo/julia-1.9.3/src/gf.c:2348 [inlined]
jl_compile_method_internal at /tmp/ebuser/avx512/Julia/1.9.3/GCCcore-12.3-gentoo/julia-1.9.3/src/gf.c:2237
_jl_invoke at /tmp/ebuser/avx512/Julia/1.9.3/GCCcore-12.3-gentoo/julia-1.9.3/src/gf.c:2750 [inlined]
ijl_apply_generic at /tmp/ebuser/avx512/Julia/1.9.3/GCCcore-12.3-gentoo/julia-1.9.3/src/gf.c:2940
top-level scope at /home/ebeasley/RunTheSim.jl:135
jl_toplevel_eval_flex at /tmp/ebuser/avx512/Julia/1.9.3/GCCcore-12.3-gentoo/julia-1.9.3/src/toplevel.c:903
jl_toplevel_eval_flex at /tmp/ebuser/avx512/Julia/1.9.3/GCCcore-12.3-gentoo/julia-1.9.3/src/toplevel.c:856
ijl_toplevel_eval_in at /tmp/ebuser/avx512/Julia/1.9.3/GCCcore-12.3-gentoo/julia-1.9.3/src/toplevel.c:971
eval at ./boot.jl:370 [inlined]
include_string at ./loading.jl:1903
_include at ./loading.jl:1963
include at ./Base.jl:457
jfptr_include_41934 at /cvmfs/soft.computecanada.ca/easybuild/software/2023/x86-64-v4/Compiler/gcccore/julia/1.9.3/lib/julia/sys.so (unknown line)
exec_options at ./client.jl:307
_start at ./client.jl:522
jfptr__start_46479 at /cvmfs/soft.computecanada.ca/easybuild/software/2023/x86-64-v4/Compiler/gcccore/julia/1.9.3/lib/julia/sys.so (unknown line)
jl_apply at /tmp/ebuser/avx512/Julia/1.9.3/GCCcore-12.3-gentoo/julia-1.9.3/src/julia.h:1880 [inlined]
true_main at /tmp/ebuser/avx512/Julia/1.9.3/GCCcore-12.3-gentoo/julia-1.9.3/src/jlapi.c:573
jl_repl_entrypoint at /tmp/ebuser/avx512/Julia/1.9.3/GCCcore-12.3-gentoo/julia-1.9.3/src/jlapi.c:717
main at julia (unknown line)
unknown function (ip: 0x15382db17949)
__libc_start_main at /cvmfs/soft.computecanada.ca/gentoo/2023/x86-64-v3/usr/lib64/libc.so.6 (unknown line)
_start at julia (unknown line)

[53856] signal (11.1): Segmentation fault
in expression starting at none:0
gc_mark_loop at /tmp/ebuser/avx512/Julia/1.9.3/GCCcore-12.3-gentoo/julia-1.9.3/src/gc.c:2826
_jl_gc_collect at /tmp/ebuser/avx512/Julia/1.9.3/GCCcore-12.3-gentoo/julia-1.9.3/src/gc.c:3407
ijl_gc_collect at /tmp/ebuser/avx512/Julia/1.9.3/GCCcore-12.3-gentoo/julia-1.9.3/src/gc.c:3713
maybe_collect at /tmp/ebuser/avx512/Julia/1.9.3/GCCcore-12.3-gentoo/julia-1.9.3/src/gc.c:1083 [inlined]
jl_gc_pool_alloc_inner at /tmp/ebuser/avx512/Julia/1.9.3/GCCcore-12.3-gentoo/julia-1.9.3/src/gc.c:1450 [inlined]
jl_gc_pool_alloc_noinline at /tmp/ebuser/avx512/Julia/1.9.3/GCCcore-12.3-gentoo/julia-1.9.3/src/gc.c:1511 [inlined]
jl_gc_alloc_ at /tmp/ebuser/avx512/Julia/1.9.3/GCCcore-12.3-gentoo/julia-1.9.3/src/julia_internal.h:460 [inlined]
jl_gc_alloc at /tmp/ebuser/avx512/Julia/1.9.3/GCCcore-12.3-gentoo/julia-1.9.3/src/gc.c:3760
_new_array_ at /tmp/ebuser/avx512/Julia/1.9.3/GCCcore-12.3-gentoo/julia-1.9.3/src/array.c:134 [inlined]
_new_array at /tmp/ebuser/avx512/Julia/1.9.3/GCCcore-12.3-gentoo/julia-1.9.3/src/array.c:198 [inlined]
ijl_alloc_array_1d at /tmp/ebuser/avx512/Julia/1.9.3/GCCcore-12.3-gentoo/julia-1.9.3/src/array.c:436
Array at ./boot.jl:477 [inlined]
fixup_phinode_values! at ./compiler/ssair/ir.jl:1646
fixup_node at ./compiler/ssair/ir.jl:1659
just_fixup! at ./compiler/ssair/ir.jl:1704
just_fixup! at ./compiler/ssair/ir.jl:1694 [inlined]
non_dce_finish! at ./compiler/ssair/ir.jl:1743 [inlined]
finish at ./compiler/ssair/ir.jl:1752
batch_inline! at ./compiler/ssair/inlining.jl:714
ssa_inlining_pass! at ./compiler/ssair/inlining.jl:82 [inlined]
run_passes at ./compiler/optimize.jl:539
run_passes at ./compiler/optimize.jl:554 [inlined]
optimize at ./compiler/optimize.jl:503 [inlined]
_typeinf at ./compiler/typeinfer.jl:273
typeinf at ./compiler/typeinfer.jl:216
typeinf_edge at ./compiler/typeinfer.jl:932
abstract_call_method at ./compiler/abstractinterpretation.jl:611
abstract_call_gf_by_type at ./compiler/abstractinterpretation.jl:152
abstract_call_known at ./compiler/abstractinterpretation.jl:1949
abstract_call at ./compiler/abstractinterpretation.jl:2020
abstract_apply at ./compiler/abstractinterpretation.jl:1566
abstract_call_known at ./compiler/abstractinterpretation.jl:1855
abstract_call at ./compiler/abstractinterpretation.jl:2020
abstract_call at ./compiler/abstractinterpretation.jl:1999
abstract_eval_statement_expr at ./compiler/abstractinterpretation.jl:2183
abstract_eval_statement at ./compiler/abstractinterpretation.jl:2396
abstract_eval_basic_statement at ./compiler/abstractinterpretation.jl:2682
typeinf_local at ./compiler/abstractinterpretation.jl:2867
typeinf_nocycle at ./compiler/abstractinterpretation.jl:2955
_typeinf at ./compiler/typeinfer.jl:246
typeinf at ./compiler/typeinfer.jl:216
typeinf_edge at ./compiler/typeinfer.jl:932
abstract_call_method at ./compiler/abstractinterpretation.jl:611
abstract_call_gf_by_type at ./compiler/abstractinterpretation.jl:152
abstract_call_known at ./compiler/abstractinterpretation.jl:1949
abstract_call at ./compiler/abstractinterpretation.jl:2020
abstract_call at ./compiler/abstractinterpretation.jl:1999
abstract_eval_statement_expr at ./compiler/abstractinterpretation.jl:2183
abstract_eval_statement at ./compiler/abstractinterpretation.jl:2396
abstract_eval_basic_statement at ./compiler/abstractinterpretation.jl:2682
typeinf_local at ./compiler/abstractinterpretation.jl:2867
typeinf_nocycle at ./compiler/abstractinterpretation.jl:2955
_typeinf at ./compiler/typeinfer.jl:246
typeinf at ./compiler/typeinfer.jl:216
typeinf_edge at ./compiler/typeinfer.jl:932
abstract_call_method at ./compiler/abstractinterpretation.jl:611
abstract_call_gf_by_type at ./compiler/abstractinterpretation.jl:152
abstract_call_known at ./compiler/abstractinterpretation.jl:1949
abstract_call at ./compiler/abstractinterpretation.jl:2020
abstract_call at ./compiler/abstractinterpretation.jl:1999
abstract_eval_statement_expr at ./compiler/abstractinterpretation.jl:2183
abstract_eval_statement at ./compiler/abstractinterpretation.jl:2396
abstract_eval_basic_statement at ./compiler/abstractinterpretation.jl:2682
typeinf_local at ./compiler/abstractinterpretation.jl:2867
typeinf_nocycle at ./compiler/abstractinterpretation.jl:2955
_typeinf at ./compiler/typeinfer.jl:246
typeinf at ./compiler/typeinfer.jl:216
typeinf_ext at ./compiler/typeinfer.jl:1057
typeinf_ext_toplevel at ./compiler/typeinfer.jl:1090
typeinf_ext_toplevel at ./compiler/typeinfer.jl:1086
jfptr_typeinf_ext_toplevel_13415 at /cvmfs/soft.computecanada.ca/easybuild/software/2023/x86-64-v4/Compiler/gcccore/julia/1.9.3/lib/julia/sys.so (unknown line)
jl_apply at /tmp/ebuser/avx512/Julia/1.9.3/GCCcore-12.3-gentoo/julia-1.9.3/src/julia.h:1880 [inlined]
jl_type_infer at /tmp/ebuser/avx512/Julia/1.9.3/GCCcore-12.3-gentoo/julia-1.9.3/src/gf.c:320
jl_generate_fptr_impl at /tmp/ebuser/avx512/Julia/1.9.3/GCCcore-12.3-gentoo/julia-1.9.3/src/jitlayers.cpp:444
jl_compile_method_internal at /tmp/ebuser/avx512/Julia/1.9.3/GCCcore-12.3-gentoo/julia-1.9.3/src/gf.c:2348 [inlined]
jl_compile_method_internal at /tmp/ebuser/avx512/Julia/1.9.3/GCCcore-12.3-gentoo/julia-1.9.3/src/gf.c:2237
_jl_invoke at /tmp/ebuser/avx512/Julia/1.9.3/GCCcore-12.3-gentoo/julia-1.9.3/src/gf.c:2750 [inlined]
ijl_apply_generic at /tmp/ebuser/avx512/Julia/1.9.3/GCCcore-12.3-gentoo/julia-1.9.3/src/gf.c:2940
show_exception_stack at ./errorshow.jl:895
display_error at ./client.jl:111
unknown function (ip: 0x153512984976)
display_error at ./client.jl:114
jfptr_display_error_47902 at /cvmfs/soft.computecanada.ca/easybuild/software/2023/x86-64-v4/Compiler/gcccore/julia/1.9.3/lib/julia/sys.so (unknown line)
jl_apply at /tmp/ebuser/avx512/Julia/1.9.3/GCCcore-12.3-gentoo/julia-1.9.3/src/julia.h:1880 [inlined]
jl_f__call_latest at /tmp/ebuser/avx512/Julia/1.9.3/GCCcore-12.3-gentoo/julia-1.9.3/src/builtins.c:774
#invokelatest#2 at ./essentials.jl:819 [inlined]
invokelatest at ./essentials.jl:816 [inlined]
exec_options at ./client.jl:310
_start at ./client.jl:522
jfptr__start_46479 at /cvmfs/soft.computecanada.ca/easybuild/software/2023/x86-64-v4/Compiler/gcccore/julia/1.9.3/lib/julia/sys.so (unknown line)
jl_apply at /tmp/ebuser/avx512/Julia/1.9.3/GCCcore-12.3-gentoo/julia-1.9.3/src/julia.h:1880 [inlined]
true_main at /tmp/ebuser/avx512/Julia/1.9.3/GCCcore-12.3-gentoo/julia-1.9.3/src/jlapi.c:573
jl_repl_entrypoint at /tmp/ebuser/avx512/Julia/1.9.3/GCCcore-12.3-gentoo/julia-1.9.3/src/jlapi.c:717
main at julia (unknown line)
unknown function (ip: 0x15382db17949)
__libc_start_main at /cvmfs/soft.computecanada.ca/gentoo/2023/x86-64-v3/usr/lib64/libc.so.6 (unknown line)
_start at julia (unknown line)
Allocations: 17971939485 (Pool: 17400196210; Big: 571743275); GC: 81528
/localscratch/spool/slurmd/job9580508/slurm_script: line 12: 53856 Segmentation fault      (core dumped) julia --project RunTheSim.jl $SLURM_ARRAY_TASK_ID
