
[3299068] signal (11.1): Segmentation fault
in expression starting at /home/ebeasley/RunTheSim.jl:124
typekeyvalue_hash at /tmp/ebuser/avx512/Julia/1.9.3/GCCcore-12.3-gentoo/julia-1.9.3/src/jltypes.c:1365 [inlined]
lookup_typevalue at /tmp/ebuser/avx512/Julia/1.9.3/GCCcore-12.3-gentoo/julia-1.9.3/src/jltypes.c:891
jl_inst_arg_tuple_type at /tmp/ebuser/avx512/Julia/1.9.3/GCCcore-12.3-gentoo/julia-1.9.3/src/jltypes.c:1807
arg_type_tuple at /tmp/ebuser/avx512/Julia/1.9.3/GCCcore-12.3-gentoo/julia-1.9.3/src/gf.c:2100 [inlined]
jl_lookup_generic_ at /tmp/ebuser/avx512/Julia/1.9.3/GCCcore-12.3-gentoo/julia-1.9.3/src/gf.c:2884 [inlined]
ijl_apply_generic at /tmp/ebuser/avx512/Julia/1.9.3/GCCcore-12.3-gentoo/julia-1.9.3/src/gf.c:2936
_broadcast_getindex_evalf at ./broadcast.jl:683 [inlined]
_broadcast_getindex at ./broadcast.jl:656 [inlined]
getindex at ./broadcast.jl:610 [inlined]
macro expansion at ./broadcast.jl:992 [inlined]
macro expansion at ./simdloop.jl:77 [inlined]
copyto! at ./broadcast.jl:991 [inlined]
copyto! at ./broadcast.jl:926 [inlined]
copy at ./broadcast.jl:898 [inlined]
materialize at ./broadcast.jl:873 [inlined]
_filter!_helper at /home/ebeasley/.julia/packages/DataFrames/C5AEe/src/abstractdataframe/abstractdataframe.jl:1374
unknown function (ip: 0x15420216b7fd)
filter! at /home/ebeasley/.julia/packages/DataFrames/C5AEe/src/abstractdataframe/abstractdataframe.jl:1359
unknown function (ip: 0x15420216b056)
#dont_fear_the_reaper#36 at /home/ebeasley/Functions.jl:375
dont_fear_the_reaper at /home/ebeasley/Functions.jl:357 [inlined]
#the_mega_loop#121 at /home/ebeasley/RunTheSim.jl:52
the_mega_loop at /home/ebeasley/RunTheSim.jl:25
unknown function (ip: 0x154202142852)
top-level scope at /home/ebeasley/RunTheSim.jl:131
jl_toplevel_eval_flex at /tmp/ebuser/avx512/Julia/1.9.3/GCCcore-12.3-gentoo/julia-1.9.3/src/toplevel.c:903
jl_toplevel_eval_flex at /tmp/ebuser/avx512/Julia/1.9.3/GCCcore-12.3-gentoo/julia-1.9.3/src/toplevel.c:856
ijl_toplevel_eval_in at /tmp/ebuser/avx512/Julia/1.9.3/GCCcore-12.3-gentoo/julia-1.9.3/src/toplevel.c:971
eval at ./boot.jl:370 [inlined]
include_string at ./loading.jl:1903
_include at ./loading.jl:1963
include at ./Base.jl:457
jfptr_include_41934 at /cvmfs/soft.computecanada.ca/easybuild/software/2023/x86-64-v4/Compiler/gcccore/julia/1.9.3/lib/julia/sys.so (unknown line)
exec_options at ./client.jl:307
_start at ./client.jl:522
jfptr__start_46479 at /cvmfs/soft.computecanada.ca/easybuild/software/2023/x86-64-v4/Compiler/gcccore/julia/1.9.3/lib/julia/sys.so (unknown line)
jl_apply at /tmp/ebuser/avx512/Julia/1.9.3/GCCcore-12.3-gentoo/julia-1.9.3/src/julia.h:1880 [inlined]
true_main at /tmp/ebuser/avx512/Julia/1.9.3/GCCcore-12.3-gentoo/julia-1.9.3/src/jlapi.c:573
jl_repl_entrypoint at /tmp/ebuser/avx512/Julia/1.9.3/GCCcore-12.3-gentoo/julia-1.9.3/src/jlapi.c:717
main at julia (unknown line)
unknown function (ip: 0x15451d2fc949)
__libc_start_main at /cvmfs/soft.computecanada.ca/gentoo/2023/x86-64-v3/usr/lib64/libc.so.6 (unknown line)
_start at julia (unknown line)
Allocations: 48961847874 (Pool: 47364330320; Big: 1597517554); GC: 229125
/localscratch/spool/slurmd/job9481714/slurm_script: line 12: 3299068 Segmentation fault      (core dumped) julia --project RunTheSim.jl $SLURM_ARRAY_TASK_ID
