
[351593] signal (11.1): Segmentation fault
in expression starting at /home/ebeasley/RunTheSim.jl:124
gc_mark_loop at /tmp/ebuser/avx512/Julia/1.9.3/GCCcore-12.3-gentoo/julia-1.9.3/src/gc.c:2826
_jl_gc_collect at /tmp/ebuser/avx512/Julia/1.9.3/GCCcore-12.3-gentoo/julia-1.9.3/src/gc.c:3407
ijl_gc_collect at /tmp/ebuser/avx512/Julia/1.9.3/GCCcore-12.3-gentoo/julia-1.9.3/src/gc.c:3713
maybe_collect at /tmp/ebuser/avx512/Julia/1.9.3/GCCcore-12.3-gentoo/julia-1.9.3/src/gc.c:1083 [inlined]
jl_gc_pool_alloc_inner at /tmp/ebuser/avx512/Julia/1.9.3/GCCcore-12.3-gentoo/julia-1.9.3/src/gc.c:1450 [inlined]
jl_gc_pool_alloc_noinline at /tmp/ebuser/avx512/Julia/1.9.3/GCCcore-12.3-gentoo/julia-1.9.3/src/gc.c:1511 [inlined]
jl_gc_alloc_ at /tmp/ebuser/avx512/Julia/1.9.3/GCCcore-12.3-gentoo/julia-1.9.3/src/julia_internal.h:460 [inlined]
jl_gc_alloc at /tmp/ebuser/avx512/Julia/1.9.3/GCCcore-12.3-gentoo/julia-1.9.3/src/gc.c:3760
jl_gc_alloc_buf at /tmp/ebuser/avx512/Julia/1.9.3/GCCcore-12.3-gentoo/julia-1.9.3/src/julia_internal.h:498 [inlined]
jl_gc_alloc_buf at /tmp/ebuser/avx512/Julia/1.9.3/GCCcore-12.3-gentoo/julia-1.9.3/src/julia_internal.h:496 [inlined]
array_resize_buffer at /tmp/ebuser/avx512/Julia/1.9.3/GCCcore-12.3-gentoo/julia-1.9.3/src/array.c:698
jl_array_grow_at_end at /tmp/ebuser/avx512/Julia/1.9.3/GCCcore-12.3-gentoo/julia-1.9.3/src/array.c:893
_growend! at ./array.jl:1014 [inlined]
push! at ./array.jl:1061 [inlined]
iterated_dominance_frontier at ./compiler/ssair/slot2ssa.jl:297
construct_ssa! at ./compiler/ssair/slot2ssa.jl:683
slot2reg at ./compiler/optimize.jl:684 [inlined]
run_passes at ./compiler/optimize.jl:539
run_passes at ./compiler/optimize.jl:554 [inlined]
optimize at ./compiler/optimize.jl:503 [inlined]
_typeinf at ./compiler/typeinfer.jl:273
typeinf at ./compiler/typeinfer.jl:216
typeinf_edge at ./compiler/typeinfer.jl:932
abstract_call_method at ./compiler/abstractinterpretation.jl:611
abstract_call_gf_by_type at ./compiler/abstractinterpretation.jl:152
abstract_call_known at ./compiler/abstractinterpretation.jl:1949
abstract_call at ./compiler/abstractinterpretation.jl:2020
abstract_call at ./compiler/abstractinterpretation.jl:1999
abstract_eval_statement_expr at ./compiler/abstractinterpretation.jl:2183
abstract_eval_statement at ./compiler/abstractinterpretation.jl:2396
abstract_eval_basic_statement at ./compiler/abstractinterpretation.jl:2658
typeinf_local at ./compiler/abstractinterpretation.jl:2867
typeinf_nocycle at ./compiler/abstractinterpretation.jl:2955
_typeinf at ./compiler/typeinfer.jl:246
typeinf at ./compiler/typeinfer.jl:216
typeinf_ext at ./compiler/typeinfer.jl:1057
typeinf_ext_toplevel at ./compiler/typeinfer.jl:1090
typeinf_ext_toplevel at ./compiler/typeinfer.jl:1086
jfptr_typeinf_ext_toplevel_13415 at /cvmfs/soft.computecanada.ca/easybuild/software/2023/x86-64-v4/Compiler/gcccore/julia/1.9.3/lib/julia/sys.so (unknown line)
jl_apply at /tmp/ebuser/avx512/Julia/1.9.3/GCCcore-12.3-gentoo/julia-1.9.3/src/julia.h:1880 [inlined]
jl_type_infer at /tmp/ebuser/avx512/Julia/1.9.3/GCCcore-12.3-gentoo/julia-1.9.3/src/gf.c:320
jl_generate_fptr_impl at /tmp/ebuser/avx512/Julia/1.9.3/GCCcore-12.3-gentoo/julia-1.9.3/src/jitlayers.cpp:444
jl_compile_method_internal at /tmp/ebuser/avx512/Julia/1.9.3/GCCcore-12.3-gentoo/julia-1.9.3/src/gf.c:2348 [inlined]
jl_compile_method_internal at /tmp/ebuser/avx512/Julia/1.9.3/GCCcore-12.3-gentoo/julia-1.9.3/src/gf.c:2237
_jl_invoke at /tmp/ebuser/avx512/Julia/1.9.3/GCCcore-12.3-gentoo/julia-1.9.3/src/gf.c:2750 [inlined]
ijl_apply_generic at /tmp/ebuser/avx512/Julia/1.9.3/GCCcore-12.3-gentoo/julia-1.9.3/src/gf.c:2940
eachcolumn at /home/ebeasley/.julia/packages/Tables/cRTb7/src/utils.jl:70 [inlined]
writerow at /home/ebeasley/.julia/packages/CSV/LiiJM/src/write.jl:364
#107 at /home/ebeasley/.julia/packages/CSV/LiiJM/src/write.jl:225
unknown function (ip: 0x148bcf3570f2)
with at /home/ebeasley/.julia/packages/CSV/LiiJM/src/write.jl:299
#write#106 at /home/ebeasley/.julia/packages/CSV/LiiJM/src/write.jl:215 [inlined]
write at /home/ebeasley/.julia/packages/CSV/LiiJM/src/write.jl:203
unknown function (ip: 0x148bcf3559ee)
#write#103 at /home/ebeasley/.julia/packages/CSV/LiiJM/src/write.jl:199
write at /home/ebeasley/.julia/packages/CSV/LiiJM/src/write.jl:162
unknown function (ip: 0x148bcf3550c6)
top-level scope at /home/ebeasley/RunTheSim.jl:139
jl_toplevel_eval_flex at /tmp/ebuser/avx512/Julia/1.9.3/GCCcore-12.3-gentoo/julia-1.9.3/src/toplevel.c:903
jl_toplevel_eval_flex at /tmp/ebuser/avx512/Julia/1.9.3/GCCcore-12.3-gentoo/julia-1.9.3/src/toplevel.c:856
ijl_toplevel_eval_in at /tmp/ebuser/avx512/Julia/1.9.3/GCCcore-12.3-gentoo/julia-1.9.3/src/toplevel.c:971
eval at ./boot.jl:370 [inlined]
include_string at ./loading.jl:1903
_include at ./loading.jl:1963
include at ./Base.jl:457
jfptr_include_41934 at /cvmfs/soft.computecanada.ca/easybuild/software/2023/x86-64-v4/Compiler/gcccore/julia/1.9.3/lib/julia/sys.so (unknown line)
exec_options at ./client.jl:307
_start at ./client.jl:522
jfptr__start_46479 at /cvmfs/soft.computecanada.ca/easybuild/software/2023/x86-64-v4/Compiler/gcccore/julia/1.9.3/lib/julia/sys.so (unknown line)
jl_apply at /tmp/ebuser/avx512/Julia/1.9.3/GCCcore-12.3-gentoo/julia-1.9.3/src/julia.h:1880 [inlined]
true_main at /tmp/ebuser/avx512/Julia/1.9.3/GCCcore-12.3-gentoo/julia-1.9.3/src/jlapi.c:573
jl_repl_entrypoint at /tmp/ebuser/avx512/Julia/1.9.3/GCCcore-12.3-gentoo/julia-1.9.3/src/jlapi.c:717
main at julia (unknown line)
unknown function (ip: 0x148eea413949)
__libc_start_main at /cvmfs/soft.computecanada.ca/gentoo/2023/x86-64-v3/usr/lib64/libc.so.6 (unknown line)
_start at julia (unknown line)
Allocations: 42414961323 (Pool: 41064175869; Big: 1350785454); GC: 193153
/localscratch/spool/slurmd/job9550673/slurm_script: line 12: 351593 Segmentation fault      (core dumped) julia --project RunTheSim.jl $SLURM_ARRAY_TASK_ID
