
Due to MODULEPATH changes, the following have been reloaded:
  1) mii/1.1.2

The following have been reloaded with a version change:
  1) StdEnv/2023 => StdEnv/2020
  2) blis/0.9.0 => blis/0.8.1
  3) flexiblas/3.3.1 => flexiblas/3.0.4
  4) gcccore/.12.3 => gcccore/.9.3.0
  5) gentoo/2023 => gentoo/2020
  6) libfabric/1.18.0 => libfabric/1.10.1
  7) openmpi/4.1.5 => openmpi/4.0.3
  8) ucx/1.14.1 => ucx/1.8.0


[4088439] signal (11.1): Segmentation fault
in expression starting at /home/ebeasley/RunTheSim.jl:131
jl_typemap_entry_assoc_by_type at /tmp/ebuser/avx2/Julia/1.9.1/GCCcore-9.3.0/julia-1.9.1/src/typemap.c:655
jl_typemap_assoc_by_type at /tmp/ebuser/avx2/Julia/1.9.1/GCCcore-9.3.0/julia-1.9.1/src/typemap.c:914
jl_typemap_assoc_by_type at /tmp/ebuser/avx2/Julia/1.9.1/GCCcore-9.3.0/julia-1.9.1/src/typemap.c:816
jl_typemap_assoc_by_type at /tmp/ebuser/avx2/Julia/1.9.1/GCCcore-9.3.0/julia-1.9.1/src/typemap.c:834
ml_matches at /tmp/ebuser/avx2/Julia/1.9.1/GCCcore-9.3.0/julia-1.9.1/src/gf.c:3229
ijl_matching_methods at /tmp/ebuser/avx2/Julia/1.9.1/GCCcore-9.3.0/julia-1.9.1/src/gf.c:2153
_methods_by_ftype at ./reflection.jl:952 [inlined]
_findall at ./compiler/methodtable.jl:107 [inlined]
#findall#275 at ./compiler/methodtable.jl:76 [inlined]
findall at ./compiler/methodtable.jl:75 [inlined]
#findall#277 at ./compiler/methodtable.jl:123
findall at ./compiler/methodtable.jl:114 [inlined]
find_matching_methods at ./compiler/abstractinterpretation.jl:336
abstract_call_gf_by_type at ./compiler/abstractinterpretation.jl:80
abstract_call at ./compiler/abstractinterpretation.jl:2017
abstract_call at ./compiler/abstractinterpretation.jl:1999
abstract_eval_statement_expr at ./compiler/abstractinterpretation.jl:2183
abstract_eval_statement at ./compiler/abstractinterpretation.jl:2396
abstract_eval_basic_statement at ./compiler/abstractinterpretation.jl:2684
typeinf_local at ./compiler/abstractinterpretation.jl:2869
typeinf_nocycle at ./compiler/abstractinterpretation.jl:2957
_typeinf at ./compiler/typeinfer.jl:246
typeinf at ./compiler/typeinfer.jl:216
typeinf_ext at ./compiler/typeinfer.jl:1058
typeinf_ext_toplevel at ./compiler/typeinfer.jl:1091
typeinf_ext_toplevel at ./compiler/typeinfer.jl:1087
jfptr_typeinf_ext_toplevel_19688 at /cvmfs/soft.computecanada.ca/easybuild/software/2020/avx2/Core/julia/1.9.1/lib/julia/sys.so (unknown line)
_jl_invoke at /tmp/ebuser/avx2/Julia/1.9.1/GCCcore-9.3.0/julia-1.9.1/src/gf.c:2758 [inlined]
ijl_apply_generic at /tmp/ebuser/avx2/Julia/1.9.1/GCCcore-9.3.0/julia-1.9.1/src/gf.c:2940
jl_apply at /tmp/ebuser/avx2/Julia/1.9.1/GCCcore-9.3.0/julia-1.9.1/src/julia.h:1879 [inlined]
jl_type_infer at /tmp/ebuser/avx2/Julia/1.9.1/GCCcore-9.3.0/julia-1.9.1/src/gf.c:320
jl_generate_fptr_impl at /tmp/ebuser/avx2/Julia/1.9.1/GCCcore-9.3.0/julia-1.9.1/src/jitlayers.cpp:444
jl_compile_method_internal at /tmp/ebuser/avx2/Julia/1.9.1/GCCcore-9.3.0/julia-1.9.1/src/gf.c:2348 [inlined]
jl_compile_method_internal at /tmp/ebuser/avx2/Julia/1.9.1/GCCcore-9.3.0/julia-1.9.1/src/gf.c:2237
_jl_invoke at /tmp/ebuser/avx2/Julia/1.9.1/GCCcore-9.3.0/julia-1.9.1/src/gf.c:2750 [inlined]
ijl_apply_generic at /tmp/ebuser/avx2/Julia/1.9.1/GCCcore-9.3.0/julia-1.9.1/src/gf.c:2940
broadcasted at ./broadcast.jl:1319 [inlined]
broadcasted at ./broadcast.jl:1317
unknown function (ip: 0x14963b960ab0)
_jl_invoke at /tmp/ebuser/avx2/Julia/1.9.1/GCCcore-9.3.0/julia-1.9.1/src/gf.c:2758 [inlined]
ijl_apply_generic at /tmp/ebuser/avx2/Julia/1.9.1/GCCcore-9.3.0/julia-1.9.1/src/gf.c:2940
change_state at /home/ebeasley/Functions.jl:322
#the_mega_loop#121 at /home/ebeasley/RunTheSim.jl:92
the_mega_loop at /home/ebeasley/RunTheSim.jl:25
unknown function (ip: 0x14963b923732)
_jl_invoke at /tmp/ebuser/avx2/Julia/1.9.1/GCCcore-9.3.0/julia-1.9.1/src/gf.c:2758 [inlined]
ijl_apply_generic at /tmp/ebuser/avx2/Julia/1.9.1/GCCcore-9.3.0/julia-1.9.1/src/gf.c:2940
top-level scope at /home/ebeasley/RunTheSim.jl:132
jl_toplevel_eval_flex at /tmp/ebuser/avx2/Julia/1.9.1/GCCcore-9.3.0/julia-1.9.1/src/toplevel.c:903
jl_toplevel_eval_flex at /tmp/ebuser/avx2/Julia/1.9.1/GCCcore-9.3.0/julia-1.9.1/src/toplevel.c:856
ijl_toplevel_eval_in at /tmp/ebuser/avx2/Julia/1.9.1/GCCcore-9.3.0/julia-1.9.1/src/toplevel.c:971
eval at ./boot.jl:370 [inlined]
include_string at ./loading.jl:1899
_jl_invoke at /tmp/ebuser/avx2/Julia/1.9.1/GCCcore-9.3.0/julia-1.9.1/src/gf.c:2758 [inlined]
ijl_apply_generic at /tmp/ebuser/avx2/Julia/1.9.1/GCCcore-9.3.0/julia-1.9.1/src/gf.c:2940
_include at ./loading.jl:1959
include at ./Base.jl:457
jfptr_include_41309 at /cvmfs/soft.computecanada.ca/easybuild/software/2020/avx2/Core/julia/1.9.1/lib/julia/sys.so (unknown line)
_jl_invoke at /tmp/ebuser/avx2/Julia/1.9.1/GCCcore-9.3.0/julia-1.9.1/src/gf.c:2758 [inlined]
ijl_apply_generic at /tmp/ebuser/avx2/Julia/1.9.1/GCCcore-9.3.0/julia-1.9.1/src/gf.c:2940
exec_options at ./client.jl:307
_start at ./client.jl:522
jfptr__start_39437 at /cvmfs/soft.computecanada.ca/easybuild/software/2020/avx2/Core/julia/1.9.1/lib/julia/sys.so (unknown line)
_jl_invoke at /tmp/ebuser/avx2/Julia/1.9.1/GCCcore-9.3.0/julia-1.9.1/src/gf.c:2758 [inlined]
ijl_apply_generic at /tmp/ebuser/avx2/Julia/1.9.1/GCCcore-9.3.0/julia-1.9.1/src/gf.c:2940
jl_apply at /tmp/ebuser/avx2/Julia/1.9.1/GCCcore-9.3.0/julia-1.9.1/src/julia.h:1879 [inlined]
true_main at /tmp/ebuser/avx2/Julia/1.9.1/GCCcore-9.3.0/julia-1.9.1/src/jlapi.c:573
jl_repl_entrypoint at /tmp/ebuser/avx2/Julia/1.9.1/GCCcore-9.3.0/julia-1.9.1/src/jlapi.c:717
main at julia (unknown line)
__libc_start_main at /cvmfs/soft.computecanada.ca/gentoo/2020/lib64/libc.so.6 (unknown line)
_start at julia (unknown line)
Allocations: 21479779148 (Pool: 20771841935; Big: 707937213); GC: 101406
/localscratch/spool/slurmd/job56256659/slurm_script: line 12: 4088439 Segmentation fault      (core dumped) julia --project RunTheSim.jl
