
Due to MODULEPATH changes, the following have been reloaded:
  1) mii/1.1.2

The following have been reloaded with a version change:
  1) StdEnv/2023 => StdEnv/2020
  2) blis/0.9.0 => blis/0.8.1
  3) flexiblas/3.3.1 => flexiblas/3.0.4
  4) gcccore/.12.3 => gcccore/.9.3.0
  5) gentoo/2023 => gentoo/2020
  6) libfabric/1.18.0 => libfabric/1.10.1
  7) openmpi/4.1.5 => openmpi/4.0.3
  8) ucx/1.14.1 => ucx/1.8.0


[1584602] signal (11.1): Segmentation fault
in expression starting at /home/ebeasley/RunTheSim.jl:131
gc_mark_loop at /tmp/ebuser/avx2/Julia/1.9.1/GCCcore-9.3.0/julia-1.9.1/src/gc.c:2819
_jl_gc_collect at /tmp/ebuser/avx2/Julia/1.9.1/GCCcore-9.3.0/julia-1.9.1/src/gc.c:3400
ijl_gc_collect at /tmp/ebuser/avx2/Julia/1.9.1/GCCcore-9.3.0/julia-1.9.1/src/gc.c:3707
maybe_collect at /tmp/ebuser/avx2/Julia/1.9.1/GCCcore-9.3.0/julia-1.9.1/src/gc.c:1078 [inlined]
jl_gc_pool_alloc_inner at /tmp/ebuser/avx2/Julia/1.9.1/GCCcore-9.3.0/julia-1.9.1/src/gc.c:1443 [inlined]
jl_gc_pool_alloc_noinline at /tmp/ebuser/avx2/Julia/1.9.1/GCCcore-9.3.0/julia-1.9.1/src/gc.c:1504 [inlined]
jl_gc_alloc_ at /tmp/ebuser/avx2/Julia/1.9.1/GCCcore-9.3.0/julia-1.9.1/src/julia_internal.h:460 [inlined]
jl_gc_alloc at /tmp/ebuser/avx2/Julia/1.9.1/GCCcore-9.3.0/julia-1.9.1/src/gc.c:3754
_new_array_ at /tmp/ebuser/avx2/Julia/1.9.1/GCCcore-9.3.0/julia-1.9.1/src/array.c:134 [inlined]
_new_array at /tmp/ebuser/avx2/Julia/1.9.1/GCCcore-9.3.0/julia-1.9.1/src/array.c:198 [inlined]
ijl_alloc_array_1d at /tmp/ebuser/avx2/Julia/1.9.1/GCCcore-9.3.0/julia-1.9.1/src/array.c:436
/localscratch/spool/slurmd/job56234501/slurm_script: line 12: 1584602 Killed                  julia --project RunTheSim.jl
slurmstepd: error: Detected 1 oom_kill event in StepId=56234501.batch. Some of the step tasks have been OOM Killed.
