
[1309738] signal (11.1): Segmentation fault
in expression starting at /home/ebeasley/RunTheSim.jl:124
gc_mark_loop at /tmp/ebuser/avx512/Julia/1.9.3/GCCcore-12.3-gentoo/julia-1.9.3/src/gc.c:2826
_jl_gc_collect at /tmp/ebuser/avx512/Julia/1.9.3/GCCcore-12.3-gentoo/julia-1.9.3/src/gc.c:3407
ijl_gc_collect at /tmp/ebuser/avx512/Julia/1.9.3/GCCcore-12.3-gentoo/julia-1.9.3/src/gc.c:3713
maybe_collect at /tmp/ebuser/avx512/Julia/1.9.3/GCCcore-12.3-gentoo/julia-1.9.3/src/gc.c:1083 [inlined]
jl_gc_pool_alloc_inner at /tmp/ebuser/avx512/Julia/1.9.3/GCCcore-12.3-gentoo/julia-1.9.3/src/gc.c:1450 [inlined]
jl_gc_pool_alloc_noinline at /tmp/ebuser/avx512/Julia/1.9.3/GCCcore-12.3-gentoo/julia-1.9.3/src/gc.c:1511 [inlined]
jl_gc_alloc_ at /tmp/ebuser/avx512/Julia/1.9.3/GCCcore-12.3-gentoo/julia-1.9.3/src/julia_internal.h:460 [inlined]
jl_gc_alloc at /tmp/ebuser/avx512/Julia/1.9.3/GCCcore-12.3-gentoo/julia-1.9.3/src/gc.c:3760
jl_gc_alloc_buf at /tmp/ebuser/avx512/Julia/1.9.3/GCCcore-12.3-gentoo/julia-1.9.3/src/julia_internal.h:498 [inlined]
jl_gc_alloc_buf at /tmp/ebuser/avx512/Julia/1.9.3/GCCcore-12.3-gentoo/julia-1.9.3/src/julia_internal.h:496 [inlined]
array_resize_buffer at /tmp/ebuser/avx512/Julia/1.9.3/GCCcore-12.3-gentoo/julia-1.9.3/src/array.c:698
jl_array_grow_at_end at /tmp/ebuser/avx512/Julia/1.9.3/GCCcore-12.3-gentoo/julia-1.9.3/src/array.c:893
_growend! at ./array.jl:1014 [inlined]
resize! at ./array.jl:1249 [inlined]
rehash! at ./dict.jl:178
sizehint! at ./dict.jl:225 [inlined]
sizehint! at ./set.jl:120 [inlined]
union! at ./abstractset.jl:102
intersect! at ./abstractset.jl:193 [inlined]
_shrink at ./array.jl:2788
intersect at ./array.jl:2792
unknown function (ip: 0x150d61b65446)
adults_move at /home/ebeasley/Functions.jl:514
#the_mega_loop#121 at /home/ebeasley/RunTheSim.jl:78
the_mega_loop at /home/ebeasley/RunTheSim.jl:25
unknown function (ip: 0x150d61b42832)
top-level scope at /home/ebeasley/RunTheSim.jl:131
jl_toplevel_eval_flex at /tmp/ebuser/avx512/Julia/1.9.3/GCCcore-12.3-gentoo/julia-1.9.3/src/toplevel.c:903
jl_toplevel_eval_flex at /tmp/ebuser/avx512/Julia/1.9.3/GCCcore-12.3-gentoo/julia-1.9.3/src/toplevel.c:856
ijl_toplevel_eval_in at /tmp/ebuser/avx512/Julia/1.9.3/GCCcore-12.3-gentoo/julia-1.9.3/src/toplevel.c:971
eval at ./boot.jl:370 [inlined]
include_string at ./loading.jl:1903
_include at ./loading.jl:1963
include at ./Base.jl:457
jfptr_include_41934 at /cvmfs/soft.computecanada.ca/easybuild/software/2023/x86-64-v4/Compiler/gcccore/julia/1.9.3/lib/julia/sys.so (unknown line)
exec_options at ./client.jl:307
_start at ./client.jl:522
jfptr__start_46479 at /cvmfs/soft.computecanada.ca/easybuild/software/2023/x86-64-v4/Compiler/gcccore/julia/1.9.3/lib/julia/sys.so (unknown line)
jl_apply at /tmp/ebuser/avx512/Julia/1.9.3/GCCcore-12.3-gentoo/julia-1.9.3/src/julia.h:1880 [inlined]
true_main at /tmp/ebuser/avx512/Julia/1.9.3/GCCcore-12.3-gentoo/julia-1.9.3/src/jlapi.c:573
jl_repl_entrypoint at /tmp/ebuser/avx512/Julia/1.9.3/GCCcore-12.3-gentoo/julia-1.9.3/src/jlapi.c:717
main at julia (unknown line)
unknown function (ip: 0x15107ccee949)
__libc_start_main at /cvmfs/soft.computecanada.ca/gentoo/2023/x86-64-v3/usr/lib64/libc.so.6 (unknown line)
_start at julia (unknown line)
Allocations: 27857320224 (Pool: 26947960236; Big: 909359988); GC: 129937
/localscratch/spool/slurmd/job9582953/slurm_script: line 12: 1309738 Segmentation fault      (core dumped) julia --project RunTheSim.jl $SLURM_ARRAY_TASK_ID
